
 /----------------------------------------------------------------------------\
 |  yosys -- Yosys Open SYnthesis Suite                                       |
 |  Copyright (C) 2012 - 2026  Claire Xenia Wolf <claire@yosyshq.com>         |
 |  Distributed under an ISC-like license, type "license" to see terms        |
 \----------------------------------------------------------------------------/
 Yosys 0.67+post (git sha1 v0.67, Release, Clang /nix/store/yn81qpksaxk576qb807fsck5ch7zmj6c-clang-wrapper-21.1.8/bin/clang++ 21.1.8)

-- Running command `read_verilog /Users/jason/Desktop/ML-DSA/verilog/Component.NTT.topEntity/NTT.v; hierarchy -check -top NTT; proc; opt; techmap; dfflibmap -liberty /Users/jason/Desktop/ML-DSA/lib/nangate45/NangateOpenCellLibrary_typical.lib; abc -D 5000 -constr /Users/jason/Desktop/ML-DSA/build/synth/abc.constr -liberty /Users/jason/Desktop/ML-DSA/lib/nangate45/NangateOpenCellLibrary_typical.lib; clean; write_verilog -noattr /Users/jason/Desktop/ML-DSA/build/synth/Component.NTT.topEntity/netlist/NTT.mapped.v; stat -top NTT -liberty /Users/jason/Desktop/ML-DSA/lib/nangate45/NangateOpenCellLibrary_typical.lib' --

1. Executing Verilog-2005 frontend: /Users/jason/Desktop/ML-DSA/verilog/Component.NTT.topEntity/NTT.v
Parsing Verilog input from `/Users/jason/Desktop/ML-DSA/verilog/Component.NTT.topEntity/NTT.v' to AST representation.
Generating RTLIL representation for module `\NTT'.
Successfully finished Verilog frontend.

2. Executing HIERARCHY pass (managing design hierarchy).

2.1. Analyzing design hierarchy..
Top module:  \NTT

2.2. Analyzing design hierarchy..
Top module:  \NTT
Removed 0 unused modules.

3. Executing PROC pass (convert processes to netlists).

3.1. Executing PROC_CLEAN pass (remove empty switches from decision trees).
Cleaned up 0 empty switches.

3.2. Executing PROC_RMDEAD pass (remove dead branches from decision trees).
Removed a total of 0 dead cases.

3.3. Executing PROC_PRUNE pass (remove redundant assignments in processes).
Removed 0 redundant assignments.
Promoted 0 assignments to connections.

3.4. Executing PROC_INIT pass (extract init attributes).

3.5. Executing PROC_ARST pass (detect async resets in processes).

3.6. Executing PROC_ROM pass (convert switches to ROMs).
Converted 0 switches.

3.7. Executing PROC_MUX pass (convert decision trees to multiplexers).

3.8. Executing PROC_DLATCH pass (convert process syncs to latches).

3.9. Executing PROC_DFF pass (convert process syncs to FFs).

3.10. Executing PROC_MEMWR pass (convert process memory writes to cells).

3.11. Executing PROC_CLEAN pass (remove empty switches from decision trees).
Cleaned up 0 empty switches.

3.12. Executing OPT_EXPR pass (perform const folding).
Optimizing module NTT.

4. Executing OPT pass (performing simple optimizations).

4.1. Executing OPT_EXPR pass (perform const folding).
Optimizing module NTT.

4.2. Executing OPT_MERGE pass (detect identical cells).
Finding identical cells in module `\NTT'.
Computing hashes of 11 cells of `\NTT'.
Finding duplicate cells in `\NTT'.
Removed a total of 0 cells.

4.3. Executing OPT_MUXTREE pass (detect dead branches in mux trees).
Running muxtree optimizer on module \NTT..
  Creating internal representation of mux trees.
  Evaluating internal representation of mux trees.
  Analyzing evaluation results.
Removed 0 multiplexer ports.
<suppressed ~4 debug messages>

4.4. Executing OPT_REDUCE pass (consolidate $*mux and $reduce_* inputs).
  Optimizing cells in module \NTT.
Performed a total of 0 changes.

4.5. Executing OPT_MERGE pass (detect identical cells).
Finding identical cells in module `\NTT'.
Computing hashes of 11 cells of `\NTT'.
Finding duplicate cells in `\NTT'.
Removed a total of 0 cells.

4.6. Executing OPT_DFF pass (perform DFF optimizations).

4.7. Executing OPT_CLEAN pass (remove unused cells and wires).
Finding unused cells or wires in module \NTT..
Removed 0 unused cells and 4 unused wires.
<suppressed ~1 debug messages>

4.8. Executing OPT_EXPR pass (perform const folding).
Optimizing module NTT.

4.9. Rerunning OPT passes. (Maybe there is more to do..)

4.10. Executing OPT_MUXTREE pass (detect dead branches in mux trees).
Running muxtree optimizer on module \NTT..
  Creating internal representation of mux trees.
  Evaluating internal representation of mux trees.
  Analyzing evaluation results.
Removed 0 multiplexer ports.
<suppressed ~4 debug messages>

4.11. Executing OPT_REDUCE pass (consolidate $*mux and $reduce_* inputs).
  Optimizing cells in module \NTT.
Performed a total of 0 changes.

4.12. Executing OPT_MERGE pass (detect identical cells).
Finding identical cells in module `\NTT'.
Computing hashes of 11 cells of `\NTT'.
Finding duplicate cells in `\NTT'.
Removed a total of 0 cells.

4.13. Executing OPT_DFF pass (perform DFF optimizations).

4.14. Executing OPT_CLEAN pass (remove unused cells and wires).
Finding unused cells or wires in module \NTT..

4.15. Executing OPT_EXPR pass (perform const folding).
Optimizing module NTT.

4.16. Finished fast OPT passes. (There is nothing left to do.)

5. Executing TECHMAP pass (map to technology primitives).

5.1. Executing Verilog-2005 frontend: /nix/store/b2sxhq5ksshf23sr2vx7p10nc2qlvln6-yosys-0.67/bin/../share/yosys/techmap.v
Parsing Verilog input from `/nix/store/b2sxhq5ksshf23sr2vx7p10nc2qlvln6-yosys-0.67/bin/../share/yosys/techmap.v' to AST representation.
Generating RTLIL representation for module `\_90_simplemap_bool_ops'.
Generating RTLIL representation for module `\_90_simplemap_reduce_ops'.
Generating RTLIL representation for module `\_90_simplemap_logic_ops'.
Generating RTLIL representation for module `\_90_simplemap_compare_ops'.
Generating RTLIL representation for module `\_90_simplemap_various'.
Generating RTLIL representation for module `\_90_simplemap_registers'.
Generating RTLIL representation for module `\_90_shift_ops_shr_shl_sshl_sshr'.
Generating RTLIL representation for module `\_90_shift_shiftx'.
Generating RTLIL representation for module `\_90_fa'.
Generating RTLIL representation for module `\_90_lcu_brent_kung'.
Generating RTLIL representation for module `\_90_alu'.
Generating RTLIL representation for module `\_90_macc'.
Generating RTLIL representation for module `\_90_alumacc'.
Generating RTLIL representation for module `$__div_mod_u'.
Generating RTLIL representation for module `$__div_mod_trunc'.
Generating RTLIL representation for module `\_90_div'.
Generating RTLIL representation for module `\_90_mod'.
Generating RTLIL representation for module `$__div_mod_floor'.
Generating RTLIL representation for module `\_90_divfloor'.
Generating RTLIL representation for module `\_90_modfloor'.
Generating RTLIL representation for module `\_90_pow'.
Generating RTLIL representation for module `\_90_demux'.
Generating RTLIL representation for module `\_90_lut'.
Generating RTLIL representation for module `$connect'.
Generating RTLIL representation for module `$input_port'.
Successfully finished Verilog frontend.

5.2. Continuing TECHMAP pass.
Running "alumacc" on wrapper $extern:wrap:$mul:Y_WIDTH=46:B_WIDTH=46:A_WIDTH=46:B_SIGNED=0:A_SIGNED=0:394426c56d1a028ba8fdd5469b163e04011def47.
Using template $extern:wrap:$mul:Y_WIDTH=46:B_WIDTH=46:A_WIDTH=46:B_SIGNED=0:A_SIGNED=0:394426c56d1a028ba8fdd5469b163e04011def47 for cells of type $extern:wrap:$mul:Y_WIDTH=46:B_WIDTH=46:A_WIDTH=46:B_SIGNED=0:A_SIGNED=0:394426c56d1a028ba8fdd5469b163e04011def47.
Using template $paramod$fbf9cabb1106ebb19d2876bda35dcfbc3788d13d\_90_mod for cells of type $mod.
Running "alumacc" on wrapper $extern:wrap:$ge:Y_WIDTH=1:B_WIDTH=23:A_WIDTH=23:B_SIGNED=0:A_SIGNED=0:394426c56d1a028ba8fdd5469b163e04011def47.
Using template $extern:wrap:$ge:Y_WIDTH=1:B_WIDTH=23:A_WIDTH=23:B_SIGNED=0:A_SIGNED=0:394426c56d1a028ba8fdd5469b163e04011def47 for cells of type $extern:wrap:$ge:Y_WIDTH=1:B_WIDTH=23:A_WIDTH=23:B_SIGNED=0:A_SIGNED=0:394426c56d1a028ba8fdd5469b163e04011def47.
Running "alumacc" on wrapper $extern:wrap:$sub:Y_WIDTH=23:B_WIDTH=23:A_WIDTH=23:B_SIGNED=0:A_SIGNED=0:394426c56d1a028ba8fdd5469b163e04011def47.
Using template $extern:wrap:$sub:Y_WIDTH=23:B_WIDTH=23:A_WIDTH=23:B_SIGNED=0:A_SIGNED=0:394426c56d1a028ba8fdd5469b163e04011def47 for cells of type $extern:wrap:$sub:Y_WIDTH=23:B_WIDTH=23:A_WIDTH=23:B_SIGNED=0:A_SIGNED=0:394426c56d1a028ba8fdd5469b163e04011def47.
Using extmapper simplemap for cells of type $mux.
Running "alumacc" on wrapper $extern:wrap:$add:Y_WIDTH=24:B_WIDTH=24:A_WIDTH=24:B_SIGNED=0:A_SIGNED=0:394426c56d1a028ba8fdd5469b163e04011def47.
Using template $extern:wrap:$add:Y_WIDTH=24:B_WIDTH=24:A_WIDTH=24:B_SIGNED=0:A_SIGNED=0:394426c56d1a028ba8fdd5469b163e04011def47 for cells of type $extern:wrap:$add:Y_WIDTH=24:B_WIDTH=24:A_WIDTH=24:B_SIGNED=0:A_SIGNED=0:394426c56d1a028ba8fdd5469b163e04011def47.
Running "alumacc" on wrapper $extern:wrap:$ge:Y_WIDTH=1:B_WIDTH=24:A_WIDTH=24:B_SIGNED=0:A_SIGNED=0:394426c56d1a028ba8fdd5469b163e04011def47.
Using template $extern:wrap:$ge:Y_WIDTH=1:B_WIDTH=24:A_WIDTH=24:B_SIGNED=0:A_SIGNED=0:394426c56d1a028ba8fdd5469b163e04011def47 for cells of type $extern:wrap:$ge:Y_WIDTH=1:B_WIDTH=24:A_WIDTH=24:B_SIGNED=0:A_SIGNED=0:394426c56d1a028ba8fdd5469b163e04011def47.
Running "alumacc" on wrapper $extern:wrap:$sub:Y_WIDTH=24:B_WIDTH=24:A_WIDTH=24:B_SIGNED=0:A_SIGNED=0:394426c56d1a028ba8fdd5469b163e04011def47.
Using template $extern:wrap:$sub:Y_WIDTH=24:B_WIDTH=24:A_WIDTH=24:B_SIGNED=0:A_SIGNED=0:394426c56d1a028ba8fdd5469b163e04011def47 for cells of type $extern:wrap:$sub:Y_WIDTH=24:B_WIDTH=24:A_WIDTH=24:B_SIGNED=0:A_SIGNED=0:394426c56d1a028ba8fdd5469b163e04011def47.
Using extmapper maccmap for cells of type $macc_v2.
  add { 23'00000000000000000000000 \input_zeta } * { 23'00000000000000000000000 \input_b } (46x46 bits, unsigned)
Using template $paramod$fbf9cabb1106ebb19d2876bda35dcfbc3788d13d$__div_mod_trunc for cells of type $__div_mod_trunc.
Using extmapper simplemap for cells of type $not.
Using extmapper simplemap for cells of type $or.
Using extmapper simplemap for cells of type $reduce_and.
Using template $paramod$448756c9a9dfaa49080ce4b90c6cc182883e181f\_90_alu for cells of type $alu.
Using extmapper simplemap for cells of type $reduce_or.
Using template $paramod$e82d3fc1811c5751348a3964470632b35a435fc7\_90_alu for cells of type $alu.
Using template $paramod\_90_fa\WIDTH=32'00000000000000000000000000101110 for cells of type $fa.
Using template $paramod$fbf9cabb1106ebb19d2876bda35dcfbc3788d13d\_90_alu for cells of type $alu.
Using extmapper simplemap for cells of type $and.
Running "alumacc" on wrapper $extern:wrap:$neg:Y_WIDTH=46:A_WIDTH=46:A_SIGNED=0:394426c56d1a028ba8fdd5469b163e04011def47.
Using template $extern:wrap:$neg:Y_WIDTH=46:A_WIDTH=46:A_SIGNED=0:394426c56d1a028ba8fdd5469b163e04011def47 for cells of type $extern:wrap:$neg:Y_WIDTH=46:A_WIDTH=46:A_SIGNED=0:394426c56d1a028ba8fdd5469b163e04011def47.
Using extmapper simplemap for cells of type $logic_and.
Using extmapper simplemap for cells of type $ne.
Using template $paramod$__div_mod_u\WIDTH=32'00000000000000000000000000101110 for cells of type $__div_mod_u.
Using extmapper simplemap for cells of type $pos.
Using extmapper simplemap for cells of type $xor.
Using template $paramod\_90_fa\WIDTH=32'00000000000000000000000000010111 for cells of type $fa.
Using template $paramod\_90_lcu_brent_kung\WIDTH=32'00000000000000000000000000010111 for cells of type $lcu.
Using template $paramod\_90_fa\WIDTH=32'00000000000000000000000000011000 for cells of type $fa.
Using template $paramod\_90_lcu_brent_kung\WIDTH=32'00000000000000000000000000011000 for cells of type $lcu.
Using template $paramod\_90_lcu_brent_kung\WIDTH=32'00000000000000000000000000101110 for cells of type $lcu.
Using template $paramod$006af5a87d79323c4ced32f32d45310fd0528b38\_90_alu for cells of type $alu.
Running "alumacc" on wrapper $extern:wrap:$sub:Y_WIDTH=46:B_WIDTH=46:A_WIDTH=46:B_SIGNED=0:A_SIGNED=0:394426c56d1a028ba8fdd5469b163e04011def47.
Using template $extern:wrap:$sub:Y_WIDTH=46:B_WIDTH=46:A_WIDTH=46:B_SIGNED=0:A_SIGNED=0:394426c56d1a028ba8fdd5469b163e04011def47 for cells of type $extern:wrap:$sub:Y_WIDTH=46:B_WIDTH=46:A_WIDTH=46:B_SIGNED=0:A_SIGNED=0:394426c56d1a028ba8fdd5469b163e04011def47.
Running "alumacc" on wrapper $extern:wrap:$ge:Y_WIDTH=1:B_WIDTH=46:A_WIDTH=46:B_SIGNED=0:A_SIGNED=0:394426c56d1a028ba8fdd5469b163e04011def47.
Using template $extern:wrap:$ge:Y_WIDTH=1:B_WIDTH=46:A_WIDTH=46:B_SIGNED=0:A_SIGNED=0:394426c56d1a028ba8fdd5469b163e04011def47 for cells of type $extern:wrap:$ge:Y_WIDTH=1:B_WIDTH=46:A_WIDTH=46:B_SIGNED=0:A_SIGNED=0:394426c56d1a028ba8fdd5469b163e04011def47.
Running "alumacc" on wrapper $extern:wrap:$sub:Y_WIDTH=47:B_WIDTH=47:A_WIDTH=46:B_SIGNED=0:A_SIGNED=0:394426c56d1a028ba8fdd5469b163e04011def47.
Using template $extern:wrap:$sub:Y_WIDTH=47:B_WIDTH=47:A_WIDTH=46:B_SIGNED=0:A_SIGNED=0:394426c56d1a028ba8fdd5469b163e04011def47 for cells of type $extern:wrap:$sub:Y_WIDTH=47:B_WIDTH=47:A_WIDTH=46:B_SIGNED=0:A_SIGNED=0:394426c56d1a028ba8fdd5469b163e04011def47.
Running "alumacc" on wrapper $extern:wrap:$ge:Y_WIDTH=1:B_WIDTH=47:A_WIDTH=46:B_SIGNED=0:A_SIGNED=0:394426c56d1a028ba8fdd5469b163e04011def47.
Using template $extern:wrap:$ge:Y_WIDTH=1:B_WIDTH=47:A_WIDTH=46:B_SIGNED=0:A_SIGNED=0:394426c56d1a028ba8fdd5469b163e04011def47 for cells of type $extern:wrap:$ge:Y_WIDTH=1:B_WIDTH=47:A_WIDTH=46:B_SIGNED=0:A_SIGNED=0:394426c56d1a028ba8fdd5469b163e04011def47.
Running "alumacc" on wrapper $extern:wrap:$sub:Y_WIDTH=48:B_WIDTH=48:A_WIDTH=46:B_SIGNED=0:A_SIGNED=0:394426c56d1a028ba8fdd5469b163e04011def47.
Using template $extern:wrap:$sub:Y_WIDTH=48:B_WIDTH=48:A_WIDTH=46:B_SIGNED=0:A_SIGNED=0:394426c56d1a028ba8fdd5469b163e04011def47 for cells of type $extern:wrap:$sub:Y_WIDTH=48:B_WIDTH=48:A_WIDTH=46:B_SIGNED=0:A_SIGNED=0:394426c56d1a028ba8fdd5469b163e04011def47.
Running "alumacc" on wrapper $extern:wrap:$ge:Y_WIDTH=1:B_WIDTH=48:A_WIDTH=46:B_SIGNED=0:A_SIGNED=0:394426c56d1a028ba8fdd5469b163e04011def47.
Using template $extern:wrap:$ge:Y_WIDTH=1:B_WIDTH=48:A_WIDTH=46:B_SIGNED=0:A_SIGNED=0:394426c56d1a028ba8fdd5469b163e04011def47 for cells of type $extern:wrap:$ge:Y_WIDTH=1:B_WIDTH=48:A_WIDTH=46:B_SIGNED=0:A_SIGNED=0:394426c56d1a028ba8fdd5469b163e04011def47.
Running "alumacc" on wrapper $extern:wrap:$sub:Y_WIDTH=49:B_WIDTH=49:A_WIDTH=46:B_SIGNED=0:A_SIGNED=0:394426c56d1a028ba8fdd5469b163e04011def47.
Using template $extern:wrap:$sub:Y_WIDTH=49:B_WIDTH=49:A_WIDTH=46:B_SIGNED=0:A_SIGNED=0:394426c56d1a028ba8fdd5469b163e04011def47 for cells of type $extern:wrap:$sub:Y_WIDTH=49:B_WIDTH=49:A_WIDTH=46:B_SIGNED=0:A_SIGNED=0:394426c56d1a028ba8fdd5469b163e04011def47.
Running "alumacc" on wrapper $extern:wrap:$ge:Y_WIDTH=1:B_WIDTH=49:A_WIDTH=46:B_SIGNED=0:A_SIGNED=0:394426c56d1a028ba8fdd5469b163e04011def47.
Using template $extern:wrap:$ge:Y_WIDTH=1:B_WIDTH=49:A_WIDTH=46:B_SIGNED=0:A_SIGNED=0:394426c56d1a028ba8fdd5469b163e04011def47 for cells of type $extern:wrap:$ge:Y_WIDTH=1:B_WIDTH=49:A_WIDTH=46:B_SIGNED=0:A_SIGNED=0:394426c56d1a028ba8fdd5469b163e04011def47.
Running "alumacc" on wrapper $extern:wrap:$sub:Y_WIDTH=50:B_WIDTH=50:A_WIDTH=46:B_SIGNED=0:A_SIGNED=0:394426c56d1a028ba8fdd5469b163e04011def47.
Using template $extern:wrap:$sub:Y_WIDTH=50:B_WIDTH=50:A_WIDTH=46:B_SIGNED=0:A_SIGNED=0:394426c56d1a028ba8fdd5469b163e04011def47 for cells of type $extern:wrap:$sub:Y_WIDTH=50:B_WIDTH=50:A_WIDTH=46:B_SIGNED=0:A_SIGNED=0:394426c56d1a028ba8fdd5469b163e04011def47.
Running "alumacc" on wrapper $extern:wrap:$ge:Y_WIDTH=1:B_WIDTH=50:A_WIDTH=46:B_SIGNED=0:A_SIGNED=0:394426c56d1a028ba8fdd5469b163e04011def47.
Using template $extern:wrap:$ge:Y_WIDTH=1:B_WIDTH=50:A_WIDTH=46:B_SIGNED=0:A_SIGNED=0:394426c56d1a028ba8fdd5469b163e04011def47 for cells of type $extern:wrap:$ge:Y_WIDTH=1:B_WIDTH=50:A_WIDTH=46:B_SIGNED=0:A_SIGNED=0:394426c56d1a028ba8fdd5469b163e04011def47.
Running "alumacc" on wrapper $extern:wrap:$sub:Y_WIDTH=51:B_WIDTH=51:A_WIDTH=46:B_SIGNED=0:A_SIGNED=0:394426c56d1a028ba8fdd5469b163e04011def47.
Using template $extern:wrap:$sub:Y_WIDTH=51:B_WIDTH=51:A_WIDTH=46:B_SIGNED=0:A_SIGNED=0:394426c56d1a028ba8fdd5469b163e04011def47 for cells of type $extern:wrap:$sub:Y_WIDTH=51:B_WIDTH=51:A_WIDTH=46:B_SIGNED=0:A_SIGNED=0:394426c56d1a028ba8fdd5469b163e04011def47.
Running "alumacc" on wrapper $extern:wrap:$ge:Y_WIDTH=1:B_WIDTH=51:A_WIDTH=46:B_SIGNED=0:A_SIGNED=0:394426c56d1a028ba8fdd5469b163e04011def47.
Using template $extern:wrap:$ge:Y_WIDTH=1:B_WIDTH=51:A_WIDTH=46:B_SIGNED=0:A_SIGNED=0:394426c56d1a028ba8fdd5469b163e04011def47 for cells of type $extern:wrap:$ge:Y_WIDTH=1:B_WIDTH=51:A_WIDTH=46:B_SIGNED=0:A_SIGNED=0:394426c56d1a028ba8fdd5469b163e04011def47.
Running "alumacc" on wrapper $extern:wrap:$sub:Y_WIDTH=52:B_WIDTH=52:A_WIDTH=46:B_SIGNED=0:A_SIGNED=0:394426c56d1a028ba8fdd5469b163e04011def47.
Using template $extern:wrap:$sub:Y_WIDTH=52:B_WIDTH=52:A_WIDTH=46:B_SIGNED=0:A_SIGNED=0:394426c56d1a028ba8fdd5469b163e04011def47 for cells of type $extern:wrap:$sub:Y_WIDTH=52:B_WIDTH=52:A_WIDTH=46:B_SIGNED=0:A_SIGNED=0:394426c56d1a028ba8fdd5469b163e04011def47.
Running "alumacc" on wrapper $extern:wrap:$ge:Y_WIDTH=1:B_WIDTH=52:A_WIDTH=46:B_SIGNED=0:A_SIGNED=0:394426c56d1a028ba8fdd5469b163e04011def47.
Using template $extern:wrap:$ge:Y_WIDTH=1:B_WIDTH=52:A_WIDTH=46:B_SIGNED=0:A_SIGNED=0:394426c56d1a028ba8fdd5469b163e04011def47 for cells of type $extern:wrap:$ge:Y_WIDTH=1:B_WIDTH=52:A_WIDTH=46:B_SIGNED=0:A_SIGNED=0:394426c56d1a028ba8fdd5469b163e04011def47.
Running "alumacc" on wrapper $extern:wrap:$sub:Y_WIDTH=53:B_WIDTH=53:A_WIDTH=46:B_SIGNED=0:A_SIGNED=0:394426c56d1a028ba8fdd5469b163e04011def47.
Using template $extern:wrap:$sub:Y_WIDTH=53:B_WIDTH=53:A_WIDTH=46:B_SIGNED=0:A_SIGNED=0:394426c56d1a028ba8fdd5469b163e04011def47 for cells of type $extern:wrap:$sub:Y_WIDTH=53:B_WIDTH=53:A_WIDTH=46:B_SIGNED=0:A_SIGNED=0:394426c56d1a028ba8fdd5469b163e04011def47.
Running "alumacc" on wrapper $extern:wrap:$ge:Y_WIDTH=1:B_WIDTH=53:A_WIDTH=46:B_SIGNED=0:A_SIGNED=0:394426c56d1a028ba8fdd5469b163e04011def47.
Using template $extern:wrap:$ge:Y_WIDTH=1:B_WIDTH=53:A_WIDTH=46:B_SIGNED=0:A_SIGNED=0:394426c56d1a028ba8fdd5469b163e04011def47 for cells of type $extern:wrap:$ge:Y_WIDTH=1:B_WIDTH=53:A_WIDTH=46:B_SIGNED=0:A_SIGNED=0:394426c56d1a028ba8fdd5469b163e04011def47.
Running "alumacc" on wrapper $extern:wrap:$sub:Y_WIDTH=54:B_WIDTH=54:A_WIDTH=46:B_SIGNED=0:A_SIGNED=0:394426c56d1a028ba8fdd5469b163e04011def47.
Using template $extern:wrap:$sub:Y_WIDTH=54:B_WIDTH=54:A_WIDTH=46:B_SIGNED=0:A_SIGNED=0:394426c56d1a028ba8fdd5469b163e04011def47 for cells of type $extern:wrap:$sub:Y_WIDTH=54:B_WIDTH=54:A_WIDTH=46:B_SIGNED=0:A_SIGNED=0:394426c56d1a028ba8fdd5469b163e04011def47.
Running "alumacc" on wrapper $extern:wrap:$ge:Y_WIDTH=1:B_WIDTH=54:A_WIDTH=46:B_SIGNED=0:A_SIGNED=0:394426c56d1a028ba8fdd5469b163e04011def47.
Using template $extern:wrap:$ge:Y_WIDTH=1:B_WIDTH=54:A_WIDTH=46:B_SIGNED=0:A_SIGNED=0:394426c56d1a028ba8fdd5469b163e04011def47 for cells of type $extern:wrap:$ge:Y_WIDTH=1:B_WIDTH=54:A_WIDTH=46:B_SIGNED=0:A_SIGNED=0:394426c56d1a028ba8fdd5469b163e04011def47.
Running "alumacc" on wrapper $extern:wrap:$sub:Y_WIDTH=55:B_WIDTH=55:A_WIDTH=46:B_SIGNED=0:A_SIGNED=0:394426c56d1a028ba8fdd5469b163e04011def47.
Using template $extern:wrap:$sub:Y_WIDTH=55:B_WIDTH=55:A_WIDTH=46:B_SIGNED=0:A_SIGNED=0:394426c56d1a028ba8fdd5469b163e04011def47 for cells of type $extern:wrap:$sub:Y_WIDTH=55:B_WIDTH=55:A_WIDTH=46:B_SIGNED=0:A_SIGNED=0:394426c56d1a028ba8fdd5469b163e04011def47.
Running "alumacc" on wrapper $extern:wrap:$ge:Y_WIDTH=1:B_WIDTH=55:A_WIDTH=46:B_SIGNED=0:A_SIGNED=0:394426c56d1a028ba8fdd5469b163e04011def47.
Using template $extern:wrap:$ge:Y_WIDTH=1:B_WIDTH=55:A_WIDTH=46:B_SIGNED=0:A_SIGNED=0:394426c56d1a028ba8fdd5469b163e04011def47 for cells of type $extern:wrap:$ge:Y_WIDTH=1:B_WIDTH=55:A_WIDTH=46:B_SIGNED=0:A_SIGNED=0:394426c56d1a028ba8fdd5469b163e04011def47.
Running "alumacc" on wrapper $extern:wrap:$sub:Y_WIDTH=56:B_WIDTH=56:A_WIDTH=46:B_SIGNED=0:A_SIGNED=0:394426c56d1a028ba8fdd5469b163e04011def47.
Using template $extern:wrap:$sub:Y_WIDTH=56:B_WIDTH=56:A_WIDTH=46:B_SIGNED=0:A_SIGNED=0:394426c56d1a028ba8fdd5469b163e04011def47 for cells of type $extern:wrap:$sub:Y_WIDTH=56:B_WIDTH=56:A_WIDTH=46:B_SIGNED=0:A_SIGNED=0:394426c56d1a028ba8fdd5469b163e04011def47.
Running "alumacc" on wrapper $extern:wrap:$ge:Y_WIDTH=1:B_WIDTH=56:A_WIDTH=46:B_SIGNED=0:A_SIGNED=0:394426c56d1a028ba8fdd5469b163e04011def47.
Using template $extern:wrap:$ge:Y_WIDTH=1:B_WIDTH=56:A_WIDTH=46:B_SIGNED=0:A_SIGNED=0:394426c56d1a028ba8fdd5469b163e04011def47 for cells of type $extern:wrap:$ge:Y_WIDTH=1:B_WIDTH=56:A_WIDTH=46:B_SIGNED=0:A_SIGNED=0:394426c56d1a028ba8fdd5469b163e04011def47.
Running "alumacc" on wrapper $extern:wrap:$sub:Y_WIDTH=57:B_WIDTH=57:A_WIDTH=46:B_SIGNED=0:A_SIGNED=0:394426c56d1a028ba8fdd5469b163e04011def47.
Using template $extern:wrap:$sub:Y_WIDTH=57:B_WIDTH=57:A_WIDTH=46:B_SIGNED=0:A_SIGNED=0:394426c56d1a028ba8fdd5469b163e04011def47 for cells of type $extern:wrap:$sub:Y_WIDTH=57:B_WIDTH=57:A_WIDTH=46:B_SIGNED=0:A_SIGNED=0:394426c56d1a028ba8fdd5469b163e04011def47.
Running "alumacc" on wrapper $extern:wrap:$ge:Y_WIDTH=1:B_WIDTH=57:A_WIDTH=46:B_SIGNED=0:A_SIGNED=0:394426c56d1a028ba8fdd5469b163e04011def47.
Using template $extern:wrap:$ge:Y_WIDTH=1:B_WIDTH=57:A_WIDTH=46:B_SIGNED=0:A_SIGNED=0:394426c56d1a028ba8fdd5469b163e04011def47 for cells of type $extern:wrap:$ge:Y_WIDTH=1:B_WIDTH=57:A_WIDTH=46:B_SIGNED=0:A_SIGNED=0:394426c56d1a028ba8fdd5469b163e04011def47.
Running "alumacc" on wrapper $extern:wrap:$sub:Y_WIDTH=58:B_WIDTH=58:A_WIDTH=46:B_SIGNED=0:A_SIGNED=0:394426c56d1a028ba8fdd5469b163e04011def47.
Using template $extern:wrap:$sub:Y_WIDTH=58:B_WIDTH=58:A_WIDTH=46:B_SIGNED=0:A_SIGNED=0:394426c56d1a028ba8fdd5469b163e04011def47 for cells of type $extern:wrap:$sub:Y_WIDTH=58:B_WIDTH=58:A_WIDTH=46:B_SIGNED=0:A_SIGNED=0:394426c56d1a028ba8fdd5469b163e04011def47.
Running "alumacc" on wrapper $extern:wrap:$ge:Y_WIDTH=1:B_WIDTH=58:A_WIDTH=46:B_SIGNED=0:A_SIGNED=0:394426c56d1a028ba8fdd5469b163e04011def47.
Using template $extern:wrap:$ge:Y_WIDTH=1:B_WIDTH=58:A_WIDTH=46:B_SIGNED=0:A_SIGNED=0:394426c56d1a028ba8fdd5469b163e04011def47 for cells of type $extern:wrap:$ge:Y_WIDTH=1:B_WIDTH=58:A_WIDTH=46:B_SIGNED=0:A_SIGNED=0:394426c56d1a028ba8fdd5469b163e04011def47.
Running "alumacc" on wrapper $extern:wrap:$sub:Y_WIDTH=59:B_WIDTH=59:A_WIDTH=46:B_SIGNED=0:A_SIGNED=0:394426c56d1a028ba8fdd5469b163e04011def47.
Using template $extern:wrap:$sub:Y_WIDTH=59:B_WIDTH=59:A_WIDTH=46:B_SIGNED=0:A_SIGNED=0:394426c56d1a028ba8fdd5469b163e04011def47 for cells of type $extern:wrap:$sub:Y_WIDTH=59:B_WIDTH=59:A_WIDTH=46:B_SIGNED=0:A_SIGNED=0:394426c56d1a028ba8fdd5469b163e04011def47.
Running "alumacc" on wrapper $extern:wrap:$ge:Y_WIDTH=1:B_WIDTH=59:A_WIDTH=46:B_SIGNED=0:A_SIGNED=0:394426c56d1a028ba8fdd5469b163e04011def47.
Using template $extern:wrap:$ge:Y_WIDTH=1:B_WIDTH=59:A_WIDTH=46:B_SIGNED=0:A_SIGNED=0:394426c56d1a028ba8fdd5469b163e04011def47 for cells of type $extern:wrap:$ge:Y_WIDTH=1:B_WIDTH=59:A_WIDTH=46:B_SIGNED=0:A_SIGNED=0:394426c56d1a028ba8fdd5469b163e04011def47.
Running "alumacc" on wrapper $extern:wrap:$sub:Y_WIDTH=60:B_WIDTH=60:A_WIDTH=46:B_SIGNED=0:A_SIGNED=0:394426c56d1a028ba8fdd5469b163e04011def47.
Using template $extern:wrap:$sub:Y_WIDTH=60:B_WIDTH=60:A_WIDTH=46:B_SIGNED=0:A_SIGNED=0:394426c56d1a028ba8fdd5469b163e04011def47 for cells of type $extern:wrap:$sub:Y_WIDTH=60:B_WIDTH=60:A_WIDTH=46:B_SIGNED=0:A_SIGNED=0:394426c56d1a028ba8fdd5469b163e04011def47.
Running "alumacc" on wrapper $extern:wrap:$ge:Y_WIDTH=1:B_WIDTH=60:A_WIDTH=46:B_SIGNED=0:A_SIGNED=0:394426c56d1a028ba8fdd5469b163e04011def47.
Using template $extern:wrap:$ge:Y_WIDTH=1:B_WIDTH=60:A_WIDTH=46:B_SIGNED=0:A_SIGNED=0:394426c56d1a028ba8fdd5469b163e04011def47 for cells of type $extern:wrap:$ge:Y_WIDTH=1:B_WIDTH=60:A_WIDTH=46:B_SIGNED=0:A_SIGNED=0:394426c56d1a028ba8fdd5469b163e04011def47.
Running "alumacc" on wrapper $extern:wrap:$sub:Y_WIDTH=61:B_WIDTH=61:A_WIDTH=46:B_SIGNED=0:A_SIGNED=0:394426c56d1a028ba8fdd5469b163e04011def47.
Using template $extern:wrap:$sub:Y_WIDTH=61:B_WIDTH=61:A_WIDTH=46:B_SIGNED=0:A_SIGNED=0:394426c56d1a028ba8fdd5469b163e04011def47 for cells of type $extern:wrap:$sub:Y_WIDTH=61:B_WIDTH=61:A_WIDTH=46:B_SIGNED=0:A_SIGNED=0:394426c56d1a028ba8fdd5469b163e04011def47.
Running "alumacc" on wrapper $extern:wrap:$ge:Y_WIDTH=1:B_WIDTH=61:A_WIDTH=46:B_SIGNED=0:A_SIGNED=0:394426c56d1a028ba8fdd5469b163e04011def47.
Using template $extern:wrap:$ge:Y_WIDTH=1:B_WIDTH=61:A_WIDTH=46:B_SIGNED=0:A_SIGNED=0:394426c56d1a028ba8fdd5469b163e04011def47 for cells of type $extern:wrap:$ge:Y_WIDTH=1:B_WIDTH=61:A_WIDTH=46:B_SIGNED=0:A_SIGNED=0:394426c56d1a028ba8fdd5469b163e04011def47.
Running "alumacc" on wrapper $extern:wrap:$sub:Y_WIDTH=62:B_WIDTH=62:A_WIDTH=46:B_SIGNED=0:A_SIGNED=0:394426c56d1a028ba8fdd5469b163e04011def47.
Using template $extern:wrap:$sub:Y_WIDTH=62:B_WIDTH=62:A_WIDTH=46:B_SIGNED=0:A_SIGNED=0:394426c56d1a028ba8fdd5469b163e04011def47 for cells of type $extern:wrap:$sub:Y_WIDTH=62:B_WIDTH=62:A_WIDTH=46:B_SIGNED=0:A_SIGNED=0:394426c56d1a028ba8fdd5469b163e04011def47.
Running "alumacc" on wrapper $extern:wrap:$ge:Y_WIDTH=1:B_WIDTH=62:A_WIDTH=46:B_SIGNED=0:A_SIGNED=0:394426c56d1a028ba8fdd5469b163e04011def47.
Using template $extern:wrap:$ge:Y_WIDTH=1:B_WIDTH=62:A_WIDTH=46:B_SIGNED=0:A_SIGNED=0:394426c56d1a028ba8fdd5469b163e04011def47 for cells of type $extern:wrap:$ge:Y_WIDTH=1:B_WIDTH=62:A_WIDTH=46:B_SIGNED=0:A_SIGNED=0:394426c56d1a028ba8fdd5469b163e04011def47.
Running "alumacc" on wrapper $extern:wrap:$sub:Y_WIDTH=63:B_WIDTH=63:A_WIDTH=46:B_SIGNED=0:A_SIGNED=0:394426c56d1a028ba8fdd5469b163e04011def47.
Using template $extern:wrap:$sub:Y_WIDTH=63:B_WIDTH=63:A_WIDTH=46:B_SIGNED=0:A_SIGNED=0:394426c56d1a028ba8fdd5469b163e04011def47 for cells of type $extern:wrap:$sub:Y_WIDTH=63:B_WIDTH=63:A_WIDTH=46:B_SIGNED=0:A_SIGNED=0:394426c56d1a028ba8fdd5469b163e04011def47.
Running "alumacc" on wrapper $extern:wrap:$ge:Y_WIDTH=1:B_WIDTH=63:A_WIDTH=46:B_SIGNED=0:A_SIGNED=0:394426c56d1a028ba8fdd5469b163e04011def47.
Using template $extern:wrap:$ge:Y_WIDTH=1:B_WIDTH=63:A_WIDTH=46:B_SIGNED=0:A_SIGNED=0:394426c56d1a028ba8fdd5469b163e04011def47 for cells of type $extern:wrap:$ge:Y_WIDTH=1:B_WIDTH=63:A_WIDTH=46:B_SIGNED=0:A_SIGNED=0:394426c56d1a028ba8fdd5469b163e04011def47.
Running "alumacc" on wrapper $extern:wrap:$sub:Y_WIDTH=64:B_WIDTH=64:A_WIDTH=46:B_SIGNED=0:A_SIGNED=0:394426c56d1a028ba8fdd5469b163e04011def47.
Using template $extern:wrap:$sub:Y_WIDTH=64:B_WIDTH=64:A_WIDTH=46:B_SIGNED=0:A_SIGNED=0:394426c56d1a028ba8fdd5469b163e04011def47 for cells of type $extern:wrap:$sub:Y_WIDTH=64:B_WIDTH=64:A_WIDTH=46:B_SIGNED=0:A_SIGNED=0:394426c56d1a028ba8fdd5469b163e04011def47.
Running "alumacc" on wrapper $extern:wrap:$ge:Y_WIDTH=1:B_WIDTH=64:A_WIDTH=46:B_SIGNED=0:A_SIGNED=0:394426c56d1a028ba8fdd5469b163e04011def47.
Using template $extern:wrap:$ge:Y_WIDTH=1:B_WIDTH=64:A_WIDTH=46:B_SIGNED=0:A_SIGNED=0:394426c56d1a028ba8fdd5469b163e04011def47 for cells of type $extern:wrap:$ge:Y_WIDTH=1:B_WIDTH=64:A_WIDTH=46:B_SIGNED=0:A_SIGNED=0:394426c56d1a028ba8fdd5469b163e04011def47.
Running "alumacc" on wrapper $extern:wrap:$sub:Y_WIDTH=65:B_WIDTH=65:A_WIDTH=46:B_SIGNED=0:A_SIGNED=0:394426c56d1a028ba8fdd5469b163e04011def47.
Using template $extern:wrap:$sub:Y_WIDTH=65:B_WIDTH=65:A_WIDTH=46:B_SIGNED=0:A_SIGNED=0:394426c56d1a028ba8fdd5469b163e04011def47 for cells of type $extern:wrap:$sub:Y_WIDTH=65:B_WIDTH=65:A_WIDTH=46:B_SIGNED=0:A_SIGNED=0:394426c56d1a028ba8fdd5469b163e04011def47.
Running "alumacc" on wrapper $extern:wrap:$ge:Y_WIDTH=1:B_WIDTH=65:A_WIDTH=46:B_SIGNED=0:A_SIGNED=0:394426c56d1a028ba8fdd5469b163e04011def47.
Using template $extern:wrap:$ge:Y_WIDTH=1:B_WIDTH=65:A_WIDTH=46:B_SIGNED=0:A_SIGNED=0:394426c56d1a028ba8fdd5469b163e04011def47 for cells of type $extern:wrap:$ge:Y_WIDTH=1:B_WIDTH=65:A_WIDTH=46:B_SIGNED=0:A_SIGNED=0:394426c56d1a028ba8fdd5469b163e04011def47.
Running "alumacc" on wrapper $extern:wrap:$sub:Y_WIDTH=66:B_WIDTH=66:A_WIDTH=46:B_SIGNED=0:A_SIGNED=0:394426c56d1a028ba8fdd5469b163e04011def47.
Using template $extern:wrap:$sub:Y_WIDTH=66:B_WIDTH=66:A_WIDTH=46:B_SIGNED=0:A_SIGNED=0:394426c56d1a028ba8fdd5469b163e04011def47 for cells of type $extern:wrap:$sub:Y_WIDTH=66:B_WIDTH=66:A_WIDTH=46:B_SIGNED=0:A_SIGNED=0:394426c56d1a028ba8fdd5469b163e04011def47.
Running "alumacc" on wrapper $extern:wrap:$ge:Y_WIDTH=1:B_WIDTH=66:A_WIDTH=46:B_SIGNED=0:A_SIGNED=0:394426c56d1a028ba8fdd5469b163e04011def47.
Using template $extern:wrap:$ge:Y_WIDTH=1:B_WIDTH=66:A_WIDTH=46:B_SIGNED=0:A_SIGNED=0:394426c56d1a028ba8fdd5469b163e04011def47 for cells of type $extern:wrap:$ge:Y_WIDTH=1:B_WIDTH=66:A_WIDTH=46:B_SIGNED=0:A_SIGNED=0:394426c56d1a028ba8fdd5469b163e04011def47.
Running "alumacc" on wrapper $extern:wrap:$sub:Y_WIDTH=67:B_WIDTH=67:A_WIDTH=46:B_SIGNED=0:A_SIGNED=0:394426c56d1a028ba8fdd5469b163e04011def47.
Using template $extern:wrap:$sub:Y_WIDTH=67:B_WIDTH=67:A_WIDTH=46:B_SIGNED=0:A_SIGNED=0:394426c56d1a028ba8fdd5469b163e04011def47 for cells of type $extern:wrap:$sub:Y_WIDTH=67:B_WIDTH=67:A_WIDTH=46:B_SIGNED=0:A_SIGNED=0:394426c56d1a028ba8fdd5469b163e04011def47.
Running "alumacc" on wrapper $extern:wrap:$ge:Y_WIDTH=1:B_WIDTH=67:A_WIDTH=46:B_SIGNED=0:A_SIGNED=0:394426c56d1a028ba8fdd5469b163e04011def47.
Using template $extern:wrap:$ge:Y_WIDTH=1:B_WIDTH=67:A_WIDTH=46:B_SIGNED=0:A_SIGNED=0:394426c56d1a028ba8fdd5469b163e04011def47 for cells of type $extern:wrap:$ge:Y_WIDTH=1:B_WIDTH=67:A_WIDTH=46:B_SIGNED=0:A_SIGNED=0:394426c56d1a028ba8fdd5469b163e04011def47.
Running "alumacc" on wrapper $extern:wrap:$sub:Y_WIDTH=68:B_WIDTH=68:A_WIDTH=46:B_SIGNED=0:A_SIGNED=0:394426c56d1a028ba8fdd5469b163e04011def47.
Using template $extern:wrap:$sub:Y_WIDTH=68:B_WIDTH=68:A_WIDTH=46:B_SIGNED=0:A_SIGNED=0:394426c56d1a028ba8fdd5469b163e04011def47 for cells of type $extern:wrap:$sub:Y_WIDTH=68:B_WIDTH=68:A_WIDTH=46:B_SIGNED=0:A_SIGNED=0:394426c56d1a028ba8fdd5469b163e04011def47.
Running "alumacc" on wrapper $extern:wrap:$ge:Y_WIDTH=1:B_WIDTH=68:A_WIDTH=46:B_SIGNED=0:A_SIGNED=0:394426c56d1a028ba8fdd5469b163e04011def47.
Using template $extern:wrap:$ge:Y_WIDTH=1:B_WIDTH=68:A_WIDTH=46:B_SIGNED=0:A_SIGNED=0:394426c56d1a028ba8fdd5469b163e04011def47 for cells of type $extern:wrap:$ge:Y_WIDTH=1:B_WIDTH=68:A_WIDTH=46:B_SIGNED=0:A_SIGNED=0:394426c56d1a028ba8fdd5469b163e04011def47.
Running "alumacc" on wrapper $extern:wrap:$sub:Y_WIDTH=69:B_WIDTH=69:A_WIDTH=46:B_SIGNED=0:A_SIGNED=0:394426c56d1a028ba8fdd5469b163e04011def47.
Using template $extern:wrap:$sub:Y_WIDTH=69:B_WIDTH=69:A_WIDTH=46:B_SIGNED=0:A_SIGNED=0:394426c56d1a028ba8fdd5469b163e04011def47 for cells of type $extern:wrap:$sub:Y_WIDTH=69:B_WIDTH=69:A_WIDTH=46:B_SIGNED=0:A_SIGNED=0:394426c56d1a028ba8fdd5469b163e04011def47.
Running "alumacc" on wrapper $extern:wrap:$ge:Y_WIDTH=1:B_WIDTH=69:A_WIDTH=46:B_SIGNED=0:A_SIGNED=0:394426c56d1a028ba8fdd5469b163e04011def47.
Using template $extern:wrap:$ge:Y_WIDTH=1:B_WIDTH=69:A_WIDTH=46:B_SIGNED=0:A_SIGNED=0:394426c56d1a028ba8fdd5469b163e04011def47 for cells of type $extern:wrap:$ge:Y_WIDTH=1:B_WIDTH=69:A_WIDTH=46:B_SIGNED=0:A_SIGNED=0:394426c56d1a028ba8fdd5469b163e04011def47.
Running "alumacc" on wrapper $extern:wrap:$sub:Y_WIDTH=70:B_WIDTH=70:A_WIDTH=46:B_SIGNED=0:A_SIGNED=0:394426c56d1a028ba8fdd5469b163e04011def47.
Using template $extern:wrap:$sub:Y_WIDTH=70:B_WIDTH=70:A_WIDTH=46:B_SIGNED=0:A_SIGNED=0:394426c56d1a028ba8fdd5469b163e04011def47 for cells of type $extern:wrap:$sub:Y_WIDTH=70:B_WIDTH=70:A_WIDTH=46:B_SIGNED=0:A_SIGNED=0:394426c56d1a028ba8fdd5469b163e04011def47.
Running "alumacc" on wrapper $extern:wrap:$ge:Y_WIDTH=1:B_WIDTH=70:A_WIDTH=46:B_SIGNED=0:A_SIGNED=0:394426c56d1a028ba8fdd5469b163e04011def47.
Using template $extern:wrap:$ge:Y_WIDTH=1:B_WIDTH=70:A_WIDTH=46:B_SIGNED=0:A_SIGNED=0:394426c56d1a028ba8fdd5469b163e04011def47 for cells of type $extern:wrap:$ge:Y_WIDTH=1:B_WIDTH=70:A_WIDTH=46:B_SIGNED=0:A_SIGNED=0:394426c56d1a028ba8fdd5469b163e04011def47.
Running "alumacc" on wrapper $extern:wrap:$sub:Y_WIDTH=71:B_WIDTH=71:A_WIDTH=46:B_SIGNED=0:A_SIGNED=0:394426c56d1a028ba8fdd5469b163e04011def47.
Using template $extern:wrap:$sub:Y_WIDTH=71:B_WIDTH=71:A_WIDTH=46:B_SIGNED=0:A_SIGNED=0:394426c56d1a028ba8fdd5469b163e04011def47 for cells of type $extern:wrap:$sub:Y_WIDTH=71:B_WIDTH=71:A_WIDTH=46:B_SIGNED=0:A_SIGNED=0:394426c56d1a028ba8fdd5469b163e04011def47.
Running "alumacc" on wrapper $extern:wrap:$ge:Y_WIDTH=1:B_WIDTH=71:A_WIDTH=46:B_SIGNED=0:A_SIGNED=0:394426c56d1a028ba8fdd5469b163e04011def47.
Using template $extern:wrap:$ge:Y_WIDTH=1:B_WIDTH=71:A_WIDTH=46:B_SIGNED=0:A_SIGNED=0:394426c56d1a028ba8fdd5469b163e04011def47 for cells of type $extern:wrap:$ge:Y_WIDTH=1:B_WIDTH=71:A_WIDTH=46:B_SIGNED=0:A_SIGNED=0:394426c56d1a028ba8fdd5469b163e04011def47.
Running "alumacc" on wrapper $extern:wrap:$sub:Y_WIDTH=72:B_WIDTH=72:A_WIDTH=46:B_SIGNED=0:A_SIGNED=0:394426c56d1a028ba8fdd5469b163e04011def47.
Using template $extern:wrap:$sub:Y_WIDTH=72:B_WIDTH=72:A_WIDTH=46:B_SIGNED=0:A_SIGNED=0:394426c56d1a028ba8fdd5469b163e04011def47 for cells of type $extern:wrap:$sub:Y_WIDTH=72:B_WIDTH=72:A_WIDTH=46:B_SIGNED=0:A_SIGNED=0:394426c56d1a028ba8fdd5469b163e04011def47.
Running "alumacc" on wrapper $extern:wrap:$ge:Y_WIDTH=1:B_WIDTH=72:A_WIDTH=46:B_SIGNED=0:A_SIGNED=0:394426c56d1a028ba8fdd5469b163e04011def47.
Using template $extern:wrap:$ge:Y_WIDTH=1:B_WIDTH=72:A_WIDTH=46:B_SIGNED=0:A_SIGNED=0:394426c56d1a028ba8fdd5469b163e04011def47 for cells of type $extern:wrap:$ge:Y_WIDTH=1:B_WIDTH=72:A_WIDTH=46:B_SIGNED=0:A_SIGNED=0:394426c56d1a028ba8fdd5469b163e04011def47.
Running "alumacc" on wrapper $extern:wrap:$sub:Y_WIDTH=73:B_WIDTH=73:A_WIDTH=46:B_SIGNED=0:A_SIGNED=0:394426c56d1a028ba8fdd5469b163e04011def47.
Using template $extern:wrap:$sub:Y_WIDTH=73:B_WIDTH=73:A_WIDTH=46:B_SIGNED=0:A_SIGNED=0:394426c56d1a028ba8fdd5469b163e04011def47 for cells of type $extern:wrap:$sub:Y_WIDTH=73:B_WIDTH=73:A_WIDTH=46:B_SIGNED=0:A_SIGNED=0:394426c56d1a028ba8fdd5469b163e04011def47.
Running "alumacc" on wrapper $extern:wrap:$ge:Y_WIDTH=1:B_WIDTH=73:A_WIDTH=46:B_SIGNED=0:A_SIGNED=0:394426c56d1a028ba8fdd5469b163e04011def47.
Using template $extern:wrap:$ge:Y_WIDTH=1:B_WIDTH=73:A_WIDTH=46:B_SIGNED=0:A_SIGNED=0:394426c56d1a028ba8fdd5469b163e04011def47 for cells of type $extern:wrap:$ge:Y_WIDTH=1:B_WIDTH=73:A_WIDTH=46:B_SIGNED=0:A_SIGNED=0:394426c56d1a028ba8fdd5469b163e04011def47.
Running "alumacc" on wrapper $extern:wrap:$sub:Y_WIDTH=74:B_WIDTH=74:A_WIDTH=46:B_SIGNED=0:A_SIGNED=0:394426c56d1a028ba8fdd5469b163e04011def47.
Using template $extern:wrap:$sub:Y_WIDTH=74:B_WIDTH=74:A_WIDTH=46:B_SIGNED=0:A_SIGNED=0:394426c56d1a028ba8fdd5469b163e04011def47 for cells of type $extern:wrap:$sub:Y_WIDTH=74:B_WIDTH=74:A_WIDTH=46:B_SIGNED=0:A_SIGNED=0:394426c56d1a028ba8fdd5469b163e04011def47.
Running "alumacc" on wrapper $extern:wrap:$ge:Y_WIDTH=1:B_WIDTH=74:A_WIDTH=46:B_SIGNED=0:A_SIGNED=0:394426c56d1a028ba8fdd5469b163e04011def47.
Using template $extern:wrap:$ge:Y_WIDTH=1:B_WIDTH=74:A_WIDTH=46:B_SIGNED=0:A_SIGNED=0:394426c56d1a028ba8fdd5469b163e04011def47 for cells of type $extern:wrap:$ge:Y_WIDTH=1:B_WIDTH=74:A_WIDTH=46:B_SIGNED=0:A_SIGNED=0:394426c56d1a028ba8fdd5469b163e04011def47.
Running "alumacc" on wrapper $extern:wrap:$sub:Y_WIDTH=75:B_WIDTH=75:A_WIDTH=46:B_SIGNED=0:A_SIGNED=0:394426c56d1a028ba8fdd5469b163e04011def47.
Using template $extern:wrap:$sub:Y_WIDTH=75:B_WIDTH=75:A_WIDTH=46:B_SIGNED=0:A_SIGNED=0:394426c56d1a028ba8fdd5469b163e04011def47 for cells of type $extern:wrap:$sub:Y_WIDTH=75:B_WIDTH=75:A_WIDTH=46:B_SIGNED=0:A_SIGNED=0:394426c56d1a028ba8fdd5469b163e04011def47.
Running "alumacc" on wrapper $extern:wrap:$ge:Y_WIDTH=1:B_WIDTH=75:A_WIDTH=46:B_SIGNED=0:A_SIGNED=0:394426c56d1a028ba8fdd5469b163e04011def47.
Using template $extern:wrap:$ge:Y_WIDTH=1:B_WIDTH=75:A_WIDTH=46:B_SIGNED=0:A_SIGNED=0:394426c56d1a028ba8fdd5469b163e04011def47 for cells of type $extern:wrap:$ge:Y_WIDTH=1:B_WIDTH=75:A_WIDTH=46:B_SIGNED=0:A_SIGNED=0:394426c56d1a028ba8fdd5469b163e04011def47.
Running "alumacc" on wrapper $extern:wrap:$sub:Y_WIDTH=76:B_WIDTH=76:A_WIDTH=46:B_SIGNED=0:A_SIGNED=0:394426c56d1a028ba8fdd5469b163e04011def47.
Using template $extern:wrap:$sub:Y_WIDTH=76:B_WIDTH=76:A_WIDTH=46:B_SIGNED=0:A_SIGNED=0:394426c56d1a028ba8fdd5469b163e04011def47 for cells of type $extern:wrap:$sub:Y_WIDTH=76:B_WIDTH=76:A_WIDTH=46:B_SIGNED=0:A_SIGNED=0:394426c56d1a028ba8fdd5469b163e04011def47.
Running "alumacc" on wrapper $extern:wrap:$ge:Y_WIDTH=1:B_WIDTH=76:A_WIDTH=46:B_SIGNED=0:A_SIGNED=0:394426c56d1a028ba8fdd5469b163e04011def47.
Using template $extern:wrap:$ge:Y_WIDTH=1:B_WIDTH=76:A_WIDTH=46:B_SIGNED=0:A_SIGNED=0:394426c56d1a028ba8fdd5469b163e04011def47 for cells of type $extern:wrap:$ge:Y_WIDTH=1:B_WIDTH=76:A_WIDTH=46:B_SIGNED=0:A_SIGNED=0:394426c56d1a028ba8fdd5469b163e04011def47.
Running "alumacc" on wrapper $extern:wrap:$sub:Y_WIDTH=77:B_WIDTH=77:A_WIDTH=46:B_SIGNED=0:A_SIGNED=0:394426c56d1a028ba8fdd5469b163e04011def47.
Using template $extern:wrap:$sub:Y_WIDTH=77:B_WIDTH=77:A_WIDTH=46:B_SIGNED=0:A_SIGNED=0:394426c56d1a028ba8fdd5469b163e04011def47 for cells of type $extern:wrap:$sub:Y_WIDTH=77:B_WIDTH=77:A_WIDTH=46:B_SIGNED=0:A_SIGNED=0:394426c56d1a028ba8fdd5469b163e04011def47.
Running "alumacc" on wrapper $extern:wrap:$ge:Y_WIDTH=1:B_WIDTH=77:A_WIDTH=46:B_SIGNED=0:A_SIGNED=0:394426c56d1a028ba8fdd5469b163e04011def47.
Using template $extern:wrap:$ge:Y_WIDTH=1:B_WIDTH=77:A_WIDTH=46:B_SIGNED=0:A_SIGNED=0:394426c56d1a028ba8fdd5469b163e04011def47 for cells of type $extern:wrap:$ge:Y_WIDTH=1:B_WIDTH=77:A_WIDTH=46:B_SIGNED=0:A_SIGNED=0:394426c56d1a028ba8fdd5469b163e04011def47.
Running "alumacc" on wrapper $extern:wrap:$sub:Y_WIDTH=78:B_WIDTH=78:A_WIDTH=46:B_SIGNED=0:A_SIGNED=0:394426c56d1a028ba8fdd5469b163e04011def47.
Using template $extern:wrap:$sub:Y_WIDTH=78:B_WIDTH=78:A_WIDTH=46:B_SIGNED=0:A_SIGNED=0:394426c56d1a028ba8fdd5469b163e04011def47 for cells of type $extern:wrap:$sub:Y_WIDTH=78:B_WIDTH=78:A_WIDTH=46:B_SIGNED=0:A_SIGNED=0:394426c56d1a028ba8fdd5469b163e04011def47.
Running "alumacc" on wrapper $extern:wrap:$ge:Y_WIDTH=1:B_WIDTH=78:A_WIDTH=46:B_SIGNED=0:A_SIGNED=0:394426c56d1a028ba8fdd5469b163e04011def47.
Using template $extern:wrap:$ge:Y_WIDTH=1:B_WIDTH=78:A_WIDTH=46:B_SIGNED=0:A_SIGNED=0:394426c56d1a028ba8fdd5469b163e04011def47 for cells of type $extern:wrap:$ge:Y_WIDTH=1:B_WIDTH=78:A_WIDTH=46:B_SIGNED=0:A_SIGNED=0:394426c56d1a028ba8fdd5469b163e04011def47.
Running "alumacc" on wrapper $extern:wrap:$sub:Y_WIDTH=79:B_WIDTH=79:A_WIDTH=46:B_SIGNED=0:A_SIGNED=0:394426c56d1a028ba8fdd5469b163e04011def47.
Using template $extern:wrap:$sub:Y_WIDTH=79:B_WIDTH=79:A_WIDTH=46:B_SIGNED=0:A_SIGNED=0:394426c56d1a028ba8fdd5469b163e04011def47 for cells of type $extern:wrap:$sub:Y_WIDTH=79:B_WIDTH=79:A_WIDTH=46:B_SIGNED=0:A_SIGNED=0:394426c56d1a028ba8fdd5469b163e04011def47.
Running "alumacc" on wrapper $extern:wrap:$ge:Y_WIDTH=1:B_WIDTH=79:A_WIDTH=46:B_SIGNED=0:A_SIGNED=0:394426c56d1a028ba8fdd5469b163e04011def47.
Using template $extern:wrap:$ge:Y_WIDTH=1:B_WIDTH=79:A_WIDTH=46:B_SIGNED=0:A_SIGNED=0:394426c56d1a028ba8fdd5469b163e04011def47 for cells of type $extern:wrap:$ge:Y_WIDTH=1:B_WIDTH=79:A_WIDTH=46:B_SIGNED=0:A_SIGNED=0:394426c56d1a028ba8fdd5469b163e04011def47.
Running "alumacc" on wrapper $extern:wrap:$sub:Y_WIDTH=80:B_WIDTH=80:A_WIDTH=46:B_SIGNED=0:A_SIGNED=0:394426c56d1a028ba8fdd5469b163e04011def47.
Using template $extern:wrap:$sub:Y_WIDTH=80:B_WIDTH=80:A_WIDTH=46:B_SIGNED=0:A_SIGNED=0:394426c56d1a028ba8fdd5469b163e04011def47 for cells of type $extern:wrap:$sub:Y_WIDTH=80:B_WIDTH=80:A_WIDTH=46:B_SIGNED=0:A_SIGNED=0:394426c56d1a028ba8fdd5469b163e04011def47.
Running "alumacc" on wrapper $extern:wrap:$ge:Y_WIDTH=1:B_WIDTH=80:A_WIDTH=46:B_SIGNED=0:A_SIGNED=0:394426c56d1a028ba8fdd5469b163e04011def47.
Using template $extern:wrap:$ge:Y_WIDTH=1:B_WIDTH=80:A_WIDTH=46:B_SIGNED=0:A_SIGNED=0:394426c56d1a028ba8fdd5469b163e04011def47 for cells of type $extern:wrap:$ge:Y_WIDTH=1:B_WIDTH=80:A_WIDTH=46:B_SIGNED=0:A_SIGNED=0:394426c56d1a028ba8fdd5469b163e04011def47.
Running "alumacc" on wrapper $extern:wrap:$sub:Y_WIDTH=81:B_WIDTH=81:A_WIDTH=46:B_SIGNED=0:A_SIGNED=0:394426c56d1a028ba8fdd5469b163e04011def47.
Using template $extern:wrap:$sub:Y_WIDTH=81:B_WIDTH=81:A_WIDTH=46:B_SIGNED=0:A_SIGNED=0:394426c56d1a028ba8fdd5469b163e04011def47 for cells of type $extern:wrap:$sub:Y_WIDTH=81:B_WIDTH=81:A_WIDTH=46:B_SIGNED=0:A_SIGNED=0:394426c56d1a028ba8fdd5469b163e04011def47.
Running "alumacc" on wrapper $extern:wrap:$ge:Y_WIDTH=1:B_WIDTH=81:A_WIDTH=46:B_SIGNED=0:A_SIGNED=0:394426c56d1a028ba8fdd5469b163e04011def47.
Using template $extern:wrap:$ge:Y_WIDTH=1:B_WIDTH=81:A_WIDTH=46:B_SIGNED=0:A_SIGNED=0:394426c56d1a028ba8fdd5469b163e04011def47 for cells of type $extern:wrap:$ge:Y_WIDTH=1:B_WIDTH=81:A_WIDTH=46:B_SIGNED=0:A_SIGNED=0:394426c56d1a028ba8fdd5469b163e04011def47.
Running "alumacc" on wrapper $extern:wrap:$sub:Y_WIDTH=82:B_WIDTH=82:A_WIDTH=46:B_SIGNED=0:A_SIGNED=0:394426c56d1a028ba8fdd5469b163e04011def47.
Using template $extern:wrap:$sub:Y_WIDTH=82:B_WIDTH=82:A_WIDTH=46:B_SIGNED=0:A_SIGNED=0:394426c56d1a028ba8fdd5469b163e04011def47 for cells of type $extern:wrap:$sub:Y_WIDTH=82:B_WIDTH=82:A_WIDTH=46:B_SIGNED=0:A_SIGNED=0:394426c56d1a028ba8fdd5469b163e04011def47.
Running "alumacc" on wrapper $extern:wrap:$ge:Y_WIDTH=1:B_WIDTH=82:A_WIDTH=46:B_SIGNED=0:A_SIGNED=0:394426c56d1a028ba8fdd5469b163e04011def47.
Using template $extern:wrap:$ge:Y_WIDTH=1:B_WIDTH=82:A_WIDTH=46:B_SIGNED=0:A_SIGNED=0:394426c56d1a028ba8fdd5469b163e04011def47 for cells of type $extern:wrap:$ge:Y_WIDTH=1:B_WIDTH=82:A_WIDTH=46:B_SIGNED=0:A_SIGNED=0:394426c56d1a028ba8fdd5469b163e04011def47.
Running "alumacc" on wrapper $extern:wrap:$sub:Y_WIDTH=83:B_WIDTH=83:A_WIDTH=46:B_SIGNED=0:A_SIGNED=0:394426c56d1a028ba8fdd5469b163e04011def47.
Using template $extern:wrap:$sub:Y_WIDTH=83:B_WIDTH=83:A_WIDTH=46:B_SIGNED=0:A_SIGNED=0:394426c56d1a028ba8fdd5469b163e04011def47 for cells of type $extern:wrap:$sub:Y_WIDTH=83:B_WIDTH=83:A_WIDTH=46:B_SIGNED=0:A_SIGNED=0:394426c56d1a028ba8fdd5469b163e04011def47.
Running "alumacc" on wrapper $extern:wrap:$ge:Y_WIDTH=1:B_WIDTH=83:A_WIDTH=46:B_SIGNED=0:A_SIGNED=0:394426c56d1a028ba8fdd5469b163e04011def47.
Using template $extern:wrap:$ge:Y_WIDTH=1:B_WIDTH=83:A_WIDTH=46:B_SIGNED=0:A_SIGNED=0:394426c56d1a028ba8fdd5469b163e04011def47 for cells of type $extern:wrap:$ge:Y_WIDTH=1:B_WIDTH=83:A_WIDTH=46:B_SIGNED=0:A_SIGNED=0:394426c56d1a028ba8fdd5469b163e04011def47.
Running "alumacc" on wrapper $extern:wrap:$sub:Y_WIDTH=84:B_WIDTH=84:A_WIDTH=46:B_SIGNED=0:A_SIGNED=0:394426c56d1a028ba8fdd5469b163e04011def47.
Using template $extern:wrap:$sub:Y_WIDTH=84:B_WIDTH=84:A_WIDTH=46:B_SIGNED=0:A_SIGNED=0:394426c56d1a028ba8fdd5469b163e04011def47 for cells of type $extern:wrap:$sub:Y_WIDTH=84:B_WIDTH=84:A_WIDTH=46:B_SIGNED=0:A_SIGNED=0:394426c56d1a028ba8fdd5469b163e04011def47.
Running "alumacc" on wrapper $extern:wrap:$ge:Y_WIDTH=1:B_WIDTH=84:A_WIDTH=46:B_SIGNED=0:A_SIGNED=0:394426c56d1a028ba8fdd5469b163e04011def47.
Using template $extern:wrap:$ge:Y_WIDTH=1:B_WIDTH=84:A_WIDTH=46:B_SIGNED=0:A_SIGNED=0:394426c56d1a028ba8fdd5469b163e04011def47 for cells of type $extern:wrap:$ge:Y_WIDTH=1:B_WIDTH=84:A_WIDTH=46:B_SIGNED=0:A_SIGNED=0:394426c56d1a028ba8fdd5469b163e04011def47.
Running "alumacc" on wrapper $extern:wrap:$sub:Y_WIDTH=85:B_WIDTH=85:A_WIDTH=46:B_SIGNED=0:A_SIGNED=0:394426c56d1a028ba8fdd5469b163e04011def47.
Using template $extern:wrap:$sub:Y_WIDTH=85:B_WIDTH=85:A_WIDTH=46:B_SIGNED=0:A_SIGNED=0:394426c56d1a028ba8fdd5469b163e04011def47 for cells of type $extern:wrap:$sub:Y_WIDTH=85:B_WIDTH=85:A_WIDTH=46:B_SIGNED=0:A_SIGNED=0:394426c56d1a028ba8fdd5469b163e04011def47.
Running "alumacc" on wrapper $extern:wrap:$ge:Y_WIDTH=1:B_WIDTH=85:A_WIDTH=46:B_SIGNED=0:A_SIGNED=0:394426c56d1a028ba8fdd5469b163e04011def47.
Using template $extern:wrap:$ge:Y_WIDTH=1:B_WIDTH=85:A_WIDTH=46:B_SIGNED=0:A_SIGNED=0:394426c56d1a028ba8fdd5469b163e04011def47 for cells of type $extern:wrap:$ge:Y_WIDTH=1:B_WIDTH=85:A_WIDTH=46:B_SIGNED=0:A_SIGNED=0:394426c56d1a028ba8fdd5469b163e04011def47.
Running "alumacc" on wrapper $extern:wrap:$sub:Y_WIDTH=86:B_WIDTH=86:A_WIDTH=46:B_SIGNED=0:A_SIGNED=0:394426c56d1a028ba8fdd5469b163e04011def47.
Using template $extern:wrap:$sub:Y_WIDTH=86:B_WIDTH=86:A_WIDTH=46:B_SIGNED=0:A_SIGNED=0:394426c56d1a028ba8fdd5469b163e04011def47 for cells of type $extern:wrap:$sub:Y_WIDTH=86:B_WIDTH=86:A_WIDTH=46:B_SIGNED=0:A_SIGNED=0:394426c56d1a028ba8fdd5469b163e04011def47.
Running "alumacc" on wrapper $extern:wrap:$ge:Y_WIDTH=1:B_WIDTH=86:A_WIDTH=46:B_SIGNED=0:A_SIGNED=0:394426c56d1a028ba8fdd5469b163e04011def47.
Using template $extern:wrap:$ge:Y_WIDTH=1:B_WIDTH=86:A_WIDTH=46:B_SIGNED=0:A_SIGNED=0:394426c56d1a028ba8fdd5469b163e04011def47 for cells of type $extern:wrap:$ge:Y_WIDTH=1:B_WIDTH=86:A_WIDTH=46:B_SIGNED=0:A_SIGNED=0:394426c56d1a028ba8fdd5469b163e04011def47.
Running "alumacc" on wrapper $extern:wrap:$sub:Y_WIDTH=87:B_WIDTH=87:A_WIDTH=46:B_SIGNED=0:A_SIGNED=0:394426c56d1a028ba8fdd5469b163e04011def47.
Using template $extern:wrap:$sub:Y_WIDTH=87:B_WIDTH=87:A_WIDTH=46:B_SIGNED=0:A_SIGNED=0:394426c56d1a028ba8fdd5469b163e04011def47 for cells of type $extern:wrap:$sub:Y_WIDTH=87:B_WIDTH=87:A_WIDTH=46:B_SIGNED=0:A_SIGNED=0:394426c56d1a028ba8fdd5469b163e04011def47.
Running "alumacc" on wrapper $extern:wrap:$ge:Y_WIDTH=1:B_WIDTH=87:A_WIDTH=46:B_SIGNED=0:A_SIGNED=0:394426c56d1a028ba8fdd5469b163e04011def47.
Using template $extern:wrap:$ge:Y_WIDTH=1:B_WIDTH=87:A_WIDTH=46:B_SIGNED=0:A_SIGNED=0:394426c56d1a028ba8fdd5469b163e04011def47 for cells of type $extern:wrap:$ge:Y_WIDTH=1:B_WIDTH=87:A_WIDTH=46:B_SIGNED=0:A_SIGNED=0:394426c56d1a028ba8fdd5469b163e04011def47.
Running "alumacc" on wrapper $extern:wrap:$sub:Y_WIDTH=88:B_WIDTH=88:A_WIDTH=46:B_SIGNED=0:A_SIGNED=0:394426c56d1a028ba8fdd5469b163e04011def47.
Using template $extern:wrap:$sub:Y_WIDTH=88:B_WIDTH=88:A_WIDTH=46:B_SIGNED=0:A_SIGNED=0:394426c56d1a028ba8fdd5469b163e04011def47 for cells of type $extern:wrap:$sub:Y_WIDTH=88:B_WIDTH=88:A_WIDTH=46:B_SIGNED=0:A_SIGNED=0:394426c56d1a028ba8fdd5469b163e04011def47.
Running "alumacc" on wrapper $extern:wrap:$ge:Y_WIDTH=1:B_WIDTH=88:A_WIDTH=46:B_SIGNED=0:A_SIGNED=0:394426c56d1a028ba8fdd5469b163e04011def47.
Using template $extern:wrap:$ge:Y_WIDTH=1:B_WIDTH=88:A_WIDTH=46:B_SIGNED=0:A_SIGNED=0:394426c56d1a028ba8fdd5469b163e04011def47 for cells of type $extern:wrap:$ge:Y_WIDTH=1:B_WIDTH=88:A_WIDTH=46:B_SIGNED=0:A_SIGNED=0:394426c56d1a028ba8fdd5469b163e04011def47.
Running "alumacc" on wrapper $extern:wrap:$sub:Y_WIDTH=89:B_WIDTH=89:A_WIDTH=46:B_SIGNED=0:A_SIGNED=0:394426c56d1a028ba8fdd5469b163e04011def47.
Using template $extern:wrap:$sub:Y_WIDTH=89:B_WIDTH=89:A_WIDTH=46:B_SIGNED=0:A_SIGNED=0:394426c56d1a028ba8fdd5469b163e04011def47 for cells of type $extern:wrap:$sub:Y_WIDTH=89:B_WIDTH=89:A_WIDTH=46:B_SIGNED=0:A_SIGNED=0:394426c56d1a028ba8fdd5469b163e04011def47.
Running "alumacc" on wrapper $extern:wrap:$ge:Y_WIDTH=1:B_WIDTH=89:A_WIDTH=46:B_SIGNED=0:A_SIGNED=0:394426c56d1a028ba8fdd5469b163e04011def47.
Using template $extern:wrap:$ge:Y_WIDTH=1:B_WIDTH=89:A_WIDTH=46:B_SIGNED=0:A_SIGNED=0:394426c56d1a028ba8fdd5469b163e04011def47 for cells of type $extern:wrap:$ge:Y_WIDTH=1:B_WIDTH=89:A_WIDTH=46:B_SIGNED=0:A_SIGNED=0:394426c56d1a028ba8fdd5469b163e04011def47.
Running "alumacc" on wrapper $extern:wrap:$sub:Y_WIDTH=90:B_WIDTH=90:A_WIDTH=46:B_SIGNED=0:A_SIGNED=0:394426c56d1a028ba8fdd5469b163e04011def47.
Using template $extern:wrap:$sub:Y_WIDTH=90:B_WIDTH=90:A_WIDTH=46:B_SIGNED=0:A_SIGNED=0:394426c56d1a028ba8fdd5469b163e04011def47 for cells of type $extern:wrap:$sub:Y_WIDTH=90:B_WIDTH=90:A_WIDTH=46:B_SIGNED=0:A_SIGNED=0:394426c56d1a028ba8fdd5469b163e04011def47.
Running "alumacc" on wrapper $extern:wrap:$ge:Y_WIDTH=1:B_WIDTH=90:A_WIDTH=46:B_SIGNED=0:A_SIGNED=0:394426c56d1a028ba8fdd5469b163e04011def47.
Using template $extern:wrap:$ge:Y_WIDTH=1:B_WIDTH=90:A_WIDTH=46:B_SIGNED=0:A_SIGNED=0:394426c56d1a028ba8fdd5469b163e04011def47 for cells of type $extern:wrap:$ge:Y_WIDTH=1:B_WIDTH=90:A_WIDTH=46:B_SIGNED=0:A_SIGNED=0:394426c56d1a028ba8fdd5469b163e04011def47.
Running "alumacc" on wrapper $extern:wrap:$sub:Y_WIDTH=91:B_WIDTH=91:A_WIDTH=46:B_SIGNED=0:A_SIGNED=0:394426c56d1a028ba8fdd5469b163e04011def47.
Using template $extern:wrap:$sub:Y_WIDTH=91:B_WIDTH=91:A_WIDTH=46:B_SIGNED=0:A_SIGNED=0:394426c56d1a028ba8fdd5469b163e04011def47 for cells of type $extern:wrap:$sub:Y_WIDTH=91:B_WIDTH=91:A_WIDTH=46:B_SIGNED=0:A_SIGNED=0:394426c56d1a028ba8fdd5469b163e04011def47.
Running "alumacc" on wrapper $extern:wrap:$ge:Y_WIDTH=1:B_WIDTH=91:A_WIDTH=46:B_SIGNED=0:A_SIGNED=0:394426c56d1a028ba8fdd5469b163e04011def47.
Using template $extern:wrap:$ge:Y_WIDTH=1:B_WIDTH=91:A_WIDTH=46:B_SIGNED=0:A_SIGNED=0:394426c56d1a028ba8fdd5469b163e04011def47 for cells of type $extern:wrap:$ge:Y_WIDTH=1:B_WIDTH=91:A_WIDTH=46:B_SIGNED=0:A_SIGNED=0:394426c56d1a028ba8fdd5469b163e04011def47.
Using template $paramod$9134e2fb2b6abfcb1aed2aebeccbf0127e69a116\_90_alu for cells of type $alu.
Using template $paramod$6de3205484720c862a8ac8da4e752679f01d0bdf\_90_alu for cells of type $alu.
Using template $paramod$5b22105740cf9d8702ae3e07c63d1db42f0cc5ef\_90_alu for cells of type $alu.
Using template $paramod$bb802e35e3c206c389a3118a8539f8b0a6ba4024\_90_alu for cells of type $alu.
Using template $paramod$bd758dcf0e1b1ae7d65074042579972d3c091bdf\_90_alu for cells of type $alu.
Using template $paramod$22b8c0180800aeee4d477d6a19279a76cb55bb01\_90_alu for cells of type $alu.
Using template $paramod$cc79ef234fa2eb6482cdf00826f08f84b5590f48\_90_alu for cells of type $alu.
Using template $paramod$ef92b16fab7c29ffd5fc8d7cf96c3c3b481fa538\_90_alu for cells of type $alu.
Using template $paramod$b7f2e5ff4eb1349c6b24655f5c8389932eb27d68\_90_alu for cells of type $alu.
Using template $paramod$c3676a6160611bc87357245b325e5a5904a79541\_90_alu for cells of type $alu.
Using template $paramod$bf09802932d32acb1145c8948c9e87418e03fb7d\_90_alu for cells of type $alu.
Using template $paramod$b919d6dfa92c58d69186588acaa1b62e13cf456d\_90_alu for cells of type $alu.
Using template $paramod$d65da4ee247b3c223e9bffb3795152b216f7c596\_90_alu for cells of type $alu.
Using template $paramod$88c0122b176679987980f9aa014983bf077dd1ac\_90_alu for cells of type $alu.
Using template $paramod$52e0f225ec5bb6cb865cc8f9fa05bb61e8938dc7\_90_alu for cells of type $alu.
Using template $paramod$d635af87290dc32918ea07b4b98d9c0d775f8ff8\_90_alu for cells of type $alu.
Using template $paramod$c891f3e23a747c754c50d286bf35eafb2f9a6026\_90_alu for cells of type $alu.
Using template $paramod$f714783bbf0866e0d07d4fc36e1696a4f4257b42\_90_alu for cells of type $alu.
Using template $paramod$176bb994ed394e4d8fd21f863bb055f60d87f52a\_90_alu for cells of type $alu.
Using template $paramod$72f7bf1b0021a4e379be1fddfc38cf2660001d02\_90_alu for cells of type $alu.
Using template $paramod$64d4fa088bea2132dbac62423398655f34627ac8\_90_alu for cells of type $alu.
Using template $paramod$fe11ba3adc1916379a5c1de4f08df179d866b631\_90_alu for cells of type $alu.
Using template $paramod$5ab69a50eb28f34b306e5794f5179aa3926327a2\_90_alu for cells of type $alu.
Using template $paramod$8682a239bfb0b3dd05485a70f4f393ce0e1f896a\_90_alu for cells of type $alu.
Using template $paramod$8a265f7b236e49da309c7a10011211078a7c827a\_90_alu for cells of type $alu.
Using template $paramod$a0adb69410a6ce0895217b2416c7ae5d8bd3a70e\_90_alu for cells of type $alu.
Using template $paramod$d583870924009a6d03dc2a9ef774759c56fdafec\_90_alu for cells of type $alu.
Using template $paramod$9c4164cebdf8beeaad473c69ad2e163bcc412da5\_90_alu for cells of type $alu.
Using template $paramod$f0bbca301f1fe5952720c302a5d95da7e5165e55\_90_alu for cells of type $alu.
Using template $paramod$19d5aff9227ccd9f907a24f1f9620758999250c5\_90_alu for cells of type $alu.
Using template $paramod$2c94945ad1d9e0aa1d3bdb126928e588f3d6f664\_90_alu for cells of type $alu.
Using template $paramod$fdbaead3fd4b3b0188866829df0ab25ad83630d7\_90_alu for cells of type $alu.
Using template $paramod$390aa92a607e84ee0dccc175ceef4715dff85577\_90_alu for cells of type $alu.
Using template $paramod$35cf67c009ac94aceac88bcc883f5c73c8ff6826\_90_alu for cells of type $alu.
Using template $paramod$90e44c7ef912d1e6928fda85a529abef1ad4a7df\_90_alu for cells of type $alu.
Using template $paramod$9f31f30b85124d381e26a579fc5c6e33c55046d9\_90_alu for cells of type $alu.
Using template $paramod$65abfefbf29f4b7c87dda9e9bc88d77a20acfc4a\_90_alu for cells of type $alu.
Using template $paramod$10e345f69c98ecfbf4548f3b5bba2251533eb7e4\_90_alu for cells of type $alu.
Using template $paramod$9c03ff291156cc38a150151ff257bc1fa19fe199\_90_alu for cells of type $alu.
Using template $paramod$e912f05be4b0ffe97eede12c6760ba752cce28a3\_90_alu for cells of type $alu.
Using template $paramod$a505b762a4d6e68b2582ca07908c956e4cc2e239\_90_alu for cells of type $alu.
Using template $paramod$39940bf2fdad8e8a9d9237c3b0ae2986ff013c43\_90_alu for cells of type $alu.
Using template $paramod$18c31c6319f1dc88d836bc373b87b61bc4594b5a\_90_alu for cells of type $alu.
Using template $paramod$42d85674c43d328ac959f8c51b5edf4db56ab671\_90_alu for cells of type $alu.
Using template $paramod$95e0f57dfaec8c84c3ccca976a2a513328e92c30\_90_alu for cells of type $alu.
Using template $paramod\_90_fa\WIDTH=32'00000000000000000000000000101111 for cells of type $fa.
Using template $paramod\_90_lcu_brent_kung\WIDTH=32'00000000000000000000000000101111 for cells of type $lcu.
Using template $paramod\_90_fa\WIDTH=32'00000000000000000000000000110000 for cells of type $fa.
Using template $paramod\_90_lcu_brent_kung\WIDTH=32'00000000000000000000000000110000 for cells of type $lcu.
Using template $paramod\_90_fa\WIDTH=32'00000000000000000000000000110001 for cells of type $fa.
Using template $paramod\_90_lcu_brent_kung\WIDTH=32'00000000000000000000000000110001 for cells of type $lcu.
Using template $paramod\_90_fa\WIDTH=32'00000000000000000000000000110010 for cells of type $fa.
Using template $paramod\_90_lcu_brent_kung\WIDTH=32'00000000000000000000000000110010 for cells of type $lcu.
Using template $paramod\_90_fa\WIDTH=32'00000000000000000000000000110011 for cells of type $fa.
Using template $paramod\_90_lcu_brent_kung\WIDTH=32'00000000000000000000000000110011 for cells of type $lcu.
Using template $paramod\_90_fa\WIDTH=32'00000000000000000000000000110100 for cells of type $fa.
Using template $paramod\_90_lcu_brent_kung\WIDTH=32'00000000000000000000000000110100 for cells of type $lcu.
Using template $paramod\_90_fa\WIDTH=32'00000000000000000000000000110101 for cells of type $fa.
Using template $paramod\_90_lcu_brent_kung\WIDTH=32'00000000000000000000000000110101 for cells of type $lcu.
Using template $paramod\_90_fa\WIDTH=32'00000000000000000000000000110110 for cells of type $fa.
Using template $paramod\_90_lcu_brent_kung\WIDTH=32'00000000000000000000000000110110 for cells of type $lcu.
Using template $paramod\_90_fa\WIDTH=32'00000000000000000000000000110111 for cells of type $fa.
Using template $paramod\_90_lcu_brent_kung\WIDTH=32'00000000000000000000000000110111 for cells of type $lcu.
Using template $paramod\_90_fa\WIDTH=32'00000000000000000000000000111000 for cells of type $fa.
Using template $paramod\_90_lcu_brent_kung\WIDTH=32'00000000000000000000000000111000 for cells of type $lcu.
Using template $paramod\_90_fa\WIDTH=32'00000000000000000000000000111001 for cells of type $fa.
Using template $paramod\_90_lcu_brent_kung\WIDTH=32'00000000000000000000000000111001 for cells of type $lcu.
Using template $paramod\_90_fa\WIDTH=32'00000000000000000000000000111010 for cells of type $fa.
Using template $paramod\_90_lcu_brent_kung\WIDTH=32'00000000000000000000000000111010 for cells of type $lcu.
Using template $paramod\_90_fa\WIDTH=32'00000000000000000000000000111011 for cells of type $fa.
Using template $paramod\_90_lcu_brent_kung\WIDTH=32'00000000000000000000000000111011 for cells of type $lcu.
Using template $paramod\_90_fa\WIDTH=32'00000000000000000000000000111100 for cells of type $fa.
Using template $paramod\_90_lcu_brent_kung\WIDTH=32'00000000000000000000000000111100 for cells of type $lcu.
Using template $paramod\_90_fa\WIDTH=32'00000000000000000000000000111101 for cells of type $fa.
Using template $paramod\_90_lcu_brent_kung\WIDTH=32'00000000000000000000000000111101 for cells of type $lcu.
Using template $paramod\_90_fa\WIDTH=32'00000000000000000000000000111110 for cells of type $fa.
Using template $paramod\_90_lcu_brent_kung\WIDTH=32'00000000000000000000000000111110 for cells of type $lcu.
Using template $paramod\_90_fa\WIDTH=32'00000000000000000000000000111111 for cells of type $fa.
Using template $paramod\_90_lcu_brent_kung\WIDTH=32'00000000000000000000000000111111 for cells of type $lcu.
Using template $paramod\_90_fa\WIDTH=32'00000000000000000000000001000000 for cells of type $fa.
Using template $paramod\_90_lcu_brent_kung\WIDTH=32'00000000000000000000000001000000 for cells of type $lcu.
Using template $paramod\_90_fa\WIDTH=32'00000000000000000000000001000001 for cells of type $fa.
Using template $paramod\_90_lcu_brent_kung\WIDTH=32'00000000000000000000000001000001 for cells of type $lcu.
Using template $paramod\_90_fa\WIDTH=32'00000000000000000000000001000010 for cells of type $fa.
Using template $paramod\_90_lcu_brent_kung\WIDTH=32'00000000000000000000000001000010 for cells of type $lcu.
Using template $paramod\_90_fa\WIDTH=32'00000000000000000000000001000011 for cells of type $fa.
Using template $paramod\_90_lcu_brent_kung\WIDTH=32'00000000000000000000000001000011 for cells of type $lcu.
Using template $paramod\_90_fa\WIDTH=32'00000000000000000000000001000100 for cells of type $fa.
Using template $paramod\_90_lcu_brent_kung\WIDTH=32'00000000000000000000000001000100 for cells of type $lcu.
Using template $paramod\_90_fa\WIDTH=32'00000000000000000000000001000101 for cells of type $fa.
Using template $paramod\_90_lcu_brent_kung\WIDTH=32'00000000000000000000000001000101 for cells of type $lcu.
Using template $paramod\_90_fa\WIDTH=32'00000000000000000000000001000110 for cells of type $fa.
Using template $paramod\_90_lcu_brent_kung\WIDTH=32'00000000000000000000000001000110 for cells of type $lcu.
Using template $paramod\_90_fa\WIDTH=32'00000000000000000000000001000111 for cells of type $fa.
Using template $paramod\_90_lcu_brent_kung\WIDTH=32'00000000000000000000000001000111 for cells of type $lcu.
Using template $paramod\_90_fa\WIDTH=32'00000000000000000000000001001000 for cells of type $fa.
Using template $paramod\_90_lcu_brent_kung\WIDTH=32'00000000000000000000000001001000 for cells of type $lcu.
Using template $paramod\_90_fa\WIDTH=32'00000000000000000000000001001001 for cells of type $fa.
Using template $paramod\_90_lcu_brent_kung\WIDTH=32'00000000000000000000000001001001 for cells of type $lcu.
Using template $paramod\_90_fa\WIDTH=32'00000000000000000000000001001010 for cells of type $fa.
Using template $paramod\_90_lcu_brent_kung\WIDTH=32'00000000000000000000000001001010 for cells of type $lcu.
Using template $paramod\_90_fa\WIDTH=32'00000000000000000000000001001011 for cells of type $fa.
Using template $paramod\_90_lcu_brent_kung\WIDTH=32'00000000000000000000000001001011 for cells of type $lcu.
Using template $paramod\_90_fa\WIDTH=32'00000000000000000000000001001100 for cells of type $fa.
Using template $paramod\_90_lcu_brent_kung\WIDTH=32'00000000000000000000000001001100 for cells of type $lcu.
Using template $paramod\_90_fa\WIDTH=32'00000000000000000000000001001101 for cells of type $fa.
Using template $paramod\_90_lcu_brent_kung\WIDTH=32'00000000000000000000000001001101 for cells of type $lcu.
Using template $paramod\_90_fa\WIDTH=32'00000000000000000000000001001110 for cells of type $fa.
Using template $paramod\_90_lcu_brent_kung\WIDTH=32'00000000000000000000000001001110 for cells of type $lcu.
Using template $paramod\_90_fa\WIDTH=32'00000000000000000000000001001111 for cells of type $fa.
Using template $paramod\_90_lcu_brent_kung\WIDTH=32'00000000000000000000000001001111 for cells of type $lcu.
Using template $paramod\_90_fa\WIDTH=32'00000000000000000000000001010000 for cells of type $fa.
Using template $paramod\_90_lcu_brent_kung\WIDTH=32'00000000000000000000000001010000 for cells of type $lcu.
Using template $paramod\_90_fa\WIDTH=32'00000000000000000000000001010001 for cells of type $fa.
Using template $paramod\_90_lcu_brent_kung\WIDTH=32'00000000000000000000000001010001 for cells of type $lcu.
Using template $paramod\_90_fa\WIDTH=32'00000000000000000000000001010010 for cells of type $fa.
Using template $paramod\_90_lcu_brent_kung\WIDTH=32'00000000000000000000000001010010 for cells of type $lcu.
Using template $paramod\_90_fa\WIDTH=32'00000000000000000000000001010011 for cells of type $fa.
Using template $paramod\_90_lcu_brent_kung\WIDTH=32'00000000000000000000000001010011 for cells of type $lcu.
Using template $paramod\_90_fa\WIDTH=32'00000000000000000000000001010100 for cells of type $fa.
Using template $paramod\_90_lcu_brent_kung\WIDTH=32'00000000000000000000000001010100 for cells of type $lcu.
Using template $paramod\_90_fa\WIDTH=32'00000000000000000000000001010101 for cells of type $fa.
Using template $paramod\_90_lcu_brent_kung\WIDTH=32'00000000000000000000000001010101 for cells of type $lcu.
Using template $paramod\_90_fa\WIDTH=32'00000000000000000000000001010110 for cells of type $fa.
Using template $paramod\_90_lcu_brent_kung\WIDTH=32'00000000000000000000000001010110 for cells of type $lcu.
Using template $paramod\_90_fa\WIDTH=32'00000000000000000000000001010111 for cells of type $fa.
Using template $paramod\_90_lcu_brent_kung\WIDTH=32'00000000000000000000000001010111 for cells of type $lcu.
Using template $paramod\_90_fa\WIDTH=32'00000000000000000000000001011000 for cells of type $fa.
Using template $paramod\_90_lcu_brent_kung\WIDTH=32'00000000000000000000000001011000 for cells of type $lcu.
Using template $paramod\_90_fa\WIDTH=32'00000000000000000000000001011001 for cells of type $fa.
Using template $paramod\_90_lcu_brent_kung\WIDTH=32'00000000000000000000000001011001 for cells of type $lcu.
Using template $paramod\_90_fa\WIDTH=32'00000000000000000000000001011010 for cells of type $fa.
Using template $paramod\_90_lcu_brent_kung\WIDTH=32'00000000000000000000000001011010 for cells of type $lcu.
Using template $paramod\_90_fa\WIDTH=32'00000000000000000000000001011011 for cells of type $fa.
Using template $paramod\_90_lcu_brent_kung\WIDTH=32'00000000000000000000000001011011 for cells of type $lcu.
No more expansions possible.
<suppressed ~44172 debug messages>

6. Executing DFFLIBMAP pass (mapping DFF cells to sequential cells from liberty file).
  cell DFF_X1 (noninv, pins=4, area=4.52) is a direct match for cell type $_DFF_P_.
  cell DFFR_X1 (noninv, pins=5, area=5.32) is a direct match for cell type $_DFF_PN0_.
  cell DFFS_X1 (noninv, pins=5, area=5.32) is a direct match for cell type $_DFF_PN1_.
  cell DFFRS_X1 (noninv, pins=6, area=6.38) is a direct match for cell type $_DFFSR_PNN_.
  final dff cell mappings:
    unmapped dff cell: $_DFF_N_
    \DFF_X1 _DFF_P_ (.CK( C), .D( D), .Q( Q), .QN(~Q));
    unmapped dff cell: $_DFF_NN0_
    unmapped dff cell: $_DFF_NN1_
    unmapped dff cell: $_DFF_NP0_
    unmapped dff cell: $_DFF_NP1_
    \DFFR_X1 _DFF_PN0_ (.CK( C), .D( D), .Q( Q), .QN(~Q), .RN( R));
    \DFFS_X1 _DFF_PN1_ (.CK( C), .D( D), .Q( Q), .QN(~Q), .SN( R));
    unmapped dff cell: $_DFF_PP0_
    unmapped dff cell: $_DFF_PP1_
    unmapped dff cell: $_DFFE_NN_
    unmapped dff cell: $_DFFE_NP_
    unmapped dff cell: $_DFFE_PN_
    unmapped dff cell: $_DFFE_PP_
    unmapped dff cell: $_DFFSR_NNN_
    unmapped dff cell: $_DFFSR_NNP_
    unmapped dff cell: $_DFFSR_NPN_
    unmapped dff cell: $_DFFSR_NPP_
    \DFFRS_X1 _DFFSR_PNN_ (.CK( C), .D( D), .Q( Q), .QN(~Q), .RN( R), .SN( S));
    unmapped dff cell: $_DFFSR_PNP_
    unmapped dff cell: $_DFFSR_PPN_
    unmapped dff cell: $_DFFSR_PPP_

6.1. Executing DFFLEGALIZE pass (convert FFs to types supported by the target).
<suppressed ~8 debug messages>
Mapping DFF cells in module `\NTT':

7. Executing ABC pass (technology mapping using ABC).

7.1. Extracting gate netlist of module `\NTT' to `<abc-temp-dir>/input.blif'..

7.1.1. Executed ABC.
Extracted 103356 gates and 103427 wires to a netlist network with 69 inputs and 46 outputs.
Running ABC script: <abc-temp-dir>/abc.script
ABC: ======== ABC command line "source <abc-temp-dir>/abc.script"
ABC: + read_blif <abc-temp-dir>/input.blif 
ABC: + read_scl /tmp/nix-shell.fgupMZ/nix-shell.66ly4Z/yosys-liberty-scl-cache/yosys_merged_17307cab.scl 
ABC: Warning: Detected 2 multi-output cells (for example, "FA_X1").
ABC: + read_constr -v /Users/jason/Desktop/ML-DSA/build/synth/abc.constr 
ABC: Setting driving cell to be "BUF_X4".
ABC: Setting output load to be 10.000000.
ABC: + strash 
ABC: + &get -n 
ABC: + &fraig -x 
ABC: + &put 
ABC: + scorr 
ABC: Warning: The network is combinational (run "fraig" or "fraig_sweep").
ABC: + dc2 
ABC: + dretime 
ABC: + retime -o -D 5000 
ABC: + strash 
ABC: + &get -n 
ABC: + &dch -f 
ABC: + &nf -D 5000 
ABC: + &put 
ABC: + buffer 
ABC: + upsize -D 5000 
ABC: + dnsize -D 5000 
ABC: + stime -p 
ABC: WireLoad = "none"  Gates =   5784 ( 10.2 %)   Cap =  4.2 ff (  4.5 %)   Area =     7012.82 ( 88.7 %)   Delay = 11671.07 ps  ( 12.7 %)               
ABC: Path  0 --      55 : 0    9 pi        A =   0.00  Df =  31.7  -14.0 ps  S =  31.9 ps  Cin =  0.0 ff  Cout =  50.7 ff  Cmax =   0.0 ff  G =    0  
ABC: Path  1 --    2257 : 2    2 NAND2_X4  A =   2.39  Df =  47.1  -11.5 ps  S =   8.8 ps  Cin =  5.9 ff  Cout =   4.0 ff  Cmax = 237.4 ff  G =   68  
ABC: Path  2 --    2258 : 2    2 XOR2_X1   A =   1.60  Df = 104.4  -13.1 ps  S =  29.2 ps  Cin =  2.3 ff  Cout =   3.3 ff  Cmax =  25.3 ff  G =  139  
ABC: Path  3 --    2259 : 3    3 AND3_X2   A =   1.60  Df = 141.8   -0.9 ps  S =  13.0 ps  Cin =  1.6 ff  Cout =   5.9 ff  Cmax = 120.5 ff  G =  339  
ABC: Path  4 --    2358 : 2    2 NOR2_X2   A =   1.33  Df = 167.7   -1.8 ps  S =  17.0 ps  Cin =  3.1 ff  Cout =   4.0 ff  Cmax =  53.4 ff  G =  126  
ABC: Path  5 --    2365 : 2    2 XOR2_X1   A =   1.60  Df = 237.4   -6.7 ps  S =  44.0 ps  Cin =  2.3 ff  Cout =   6.5 ff  Cmax =  25.3 ff  G =  270  
ABC: Path  6 --    2434 : 2    2 XNOR2_X2  A =   2.66  Df = 293.7  -20.6 ps  S =  24.8 ps  Cin =  4.3 ff  Cout =   6.1 ff  Cmax =  52.0 ff  G =  141  
ABC: Path  7 --    2436 : 2    2 XOR2_X2   A =   2.39  Df = 356.1  -25.2 ps  S =  29.5 ps  Cin =  4.4 ff  Cout =   6.5 ff  Cmax =  50.5 ff  G =  141  
ABC: Path  8 --    2505 : 2    2 XNOR2_X2  A =   2.66  Df = 398.3  -17.8 ps  S =  25.8 ps  Cin =  4.3 ff  Cout =   6.5 ff  Cmax =  52.0 ff  G =  146  
ABC: Path  9 --    2530 : 2    2 XNOR2_X2  A =   2.66  Df = 446.2  -23.0 ps  S =  26.0 ps  Cin =  4.3 ff  Cout =   6.5 ff  Cmax =  52.0 ff  G =  146  
ABC: Path 10 --    2595 : 2    3 XNOR2_X2  A =   2.66  Df = 487.9  -17.3 ps  S =  24.4 ps  Cin =  4.3 ff  Cout =   5.9 ff  Cmax =  52.0 ff  G =  132  
ABC: Path 11 --    2640 : 2    1 XNOR2_X1  A =   1.60  Df = 535.4  -22.9 ps  S =  22.7 ps  Cin =  2.3 ff  Cout =   2.6 ff  Cmax =  26.0 ff  G =  106  
ABC: Path 12 --    2641 : 2    2 XNOR2_X1  A =   1.60  Df = 583.2  -20.6 ps  S =  30.4 ps  Cin =  2.3 ff  Cout =   4.2 ff  Cmax =  26.0 ff  G =  174  
ABC: Path 13 --    2675 : 2    2 XNOR2_X1  A =   1.60  Df = 637.2  -27.1 ps  S =  29.4 ps  Cin =  2.3 ff  Cout =   4.0 ff  Cmax =  26.0 ff  G =  170  
ABC: Path 14 --    2717 : 2    2 XOR2_X1   A =   1.60  Df = 699.3  -26.5 ps  S =  33.9 ps  Cin =  2.3 ff  Cout =   4.2 ff  Cmax =  25.3 ff  G =  174  
ABC: Path 15 --    2718 : 2    2 XNOR2_X1  A =   1.60  Df = 746.4  -17.8 ps  S =  29.4 ps  Cin =  2.3 ff  Cout =   4.0 ff  Cmax =  26.0 ff  G =  171  
ABC: Path 16 --    2755 : 2    2 XOR2_X1   A =   1.60  Df = 808.1  -16.9 ps  S =  33.0 ps  Cin =  2.3 ff  Cout =   4.0 ff  Cmax =  25.3 ff  G =  172  
ABC: Path 17 --    2756 : 2    2 XOR2_X1   A =   1.60  Df = 871.7  -19.4 ps  S =  34.1 ps  Cin =  2.3 ff  Cout =   4.2 ff  Cmax =  25.3 ff  G =  176  
ABC: Path 18 --    2782 : 2    2 XNOR2_X1  A =   1.60  Df = 927.6  -28.2 ps  S =  29.4 ps  Cin =  2.3 ff  Cout =   4.0 ff  Cmax =  26.0 ff  G =  171  
ABC: Path 19 --    2785 : 2    2 XOR2_X1   A =   1.60  Df = 987.2  -33.3 ps  S =  26.9 ps  Cin =  2.3 ff  Cout =   2.6 ff  Cmax =  25.3 ff  G =  107  
ABC: Path 20 --    2825 : 3    3 OAI21_X1  A =   1.06  Df =1017.7  -14.3 ps  S =  35.4 ps  Cin =  1.6 ff  Cout =   5.4 ff  Cmax =  26.1 ff  G =  320  
ABC: Path 21 --    2826 : 3    2 AOI21_X2  A =   1.86  Df =1039.4   -0.8 ps  S =  23.4 ps  Cin =  3.1 ff  Cout =   4.3 ff  Cmax =  50.7 ff  G =  138  
ABC: Path 22 --    2827 : 3    3 OAI21_X2  A =   1.86  Df =1080.9  -18.0 ps  S =  26.1 ps  Cin =  3.1 ff  Cout =   6.7 ff  Cmax =  52.1 ff  G =  206  
ABC: Path 23 --    2828 : 3    2 AOI21_X2  A =   1.86  Df =1097.8   -4.1 ps  S =  19.3 ps  Cin =  3.1 ff  Cout =   2.5 ff  Cmax =  50.7 ff  G =   81  
ABC: Path 24 --    2829 : 3    2 OAI21_X1  A =   1.06  Df =1144.3  -26.3 ps  S =  31.1 ps  Cin =  1.6 ff  Cout =   4.4 ff  Cmax =  26.1 ff  G =  263  
ABC: Path 25 --    2830 : 3    3 AOI21_X2  A =   1.86  Df =1163.9  -10.7 ps  S =  23.3 ps  Cin =  3.1 ff  Cout =   4.2 ff  Cmax =  50.7 ff  G =  131  
ABC: Path 26 --    2831 : 4    2 OAI211_X1 A =   1.33  Df =1212.5  -25.9 ps  S =  33.3 ps  Cin =  1.6 ff  Cout =   4.4 ff  Cmax =  25.6 ff  G =  266  
ABC: Path 27 --    2832 : 3    3 AOI21_X2  A =   1.86  Df =1233.4   -7.1 ps  S =  25.3 ps  Cin =  3.1 ff  Cout =   4.9 ff  Cmax =  50.7 ff  G =  154  
ABC: Path 28 --    2833 : 6    2 OAI33_X1  A =   1.86  Df =1349.3  -82.3 ps  S =  89.6 ps  Cin =  1.5 ff  Cout =   5.9 ff  Cmax =  11.5 ff  G =  374  
ABC: Path 29 --    2834 : 3    2 OAI21_X2  A =   1.86  Df =1381.0  -70.6 ps  S =  25.8 ps  Cin =  3.1 ff  Cout =   6.1 ff  Cmax =  52.1 ff  G =  184  
ABC: Path 30 --    2835 : 3    3 AOI21_X2  A =   1.86  Df =1429.1  -96.5 ps  S =  30.6 ps  Cin =  3.1 ff  Cout =   7.1 ff  Cmax =  50.7 ff  G =  224  
ABC: Path 31 --    2837 : 4    2 OAI211_X2 A =   2.39  Df =1456.7  -88.4 ps  S =  25.5 ps  Cin =  3.1 ff  Cout =   5.3 ff  Cmax =  50.8 ff  G =  160  
ABC: Path 32 --    2838 : 3    3 AND3_X4   A =   2.93  Df =1497.0  -83.1 ps  S =  11.4 ps  Cin =  3.2 ff  Cout =   8.7 ff  Cmax = 241.1 ff  G =  261  
ABC: Path 33 --    2839 : 3    4 NOR3_X4   A =   3.72  Df =1545.7 -120.7 ps  S =  26.1 ps  Cin =  5.9 ff  Cout =   5.7 ff  Cmax =  63.3 ff  G =   95  
ABC: Path 34 --    2844 : 6    3 OAI33_X1  A =   1.86  Df =1584.4  -48.6 ps  S =  84.2 ps  Cin =  1.5 ff  Cout =   5.2 ff  Cmax =  11.5 ff  G =  322  
ABC: Path 35 --    2845 : 2    1 AND2_X1   A =   1.06  Df =1624.6  -38.6 ps  S =  13.1 ps  Cin =  0.9 ff  Cout =   3.3 ff  Cmax =  60.6 ff  G =  362  
ABC: Path 36 --    2846 : 3    2 OAI21_X2  A =   1.86  Df =1659.1  -54.9 ps  S =  21.5 ps  Cin =  3.1 ff  Cout =   4.7 ff  Cmax =  52.1 ff  G =  145  
ABC: Path 37 --    3540 : 3    2 AOI21_X2  A =   1.86  Df =1681.9  -38.0 ps  S =  32.7 ps  Cin =  3.1 ff  Cout =   8.2 ff  Cmax =  50.7 ff  G =  262  
ABC: Path 38 --    3541 : 3    3 OAI21_X4  A =   3.46  Df =1715.1  -49.5 ps  S =  17.9 ps  Cin =  6.1 ff  Cout =   6.4 ff  Cmax = 104.1 ff  G =   99  
ABC: Path 39 --    3543 : 3    1 AOI21_X2  A =   1.86  Df =1735.5  -34.1 ps  S =  28.7 ps  Cin =  3.1 ff  Cout =   6.5 ff  Cmax =  50.7 ff  G =  211  
ABC: Path 40 --    3544 : 3    3 OAI21_X4  A =   3.46  Df =1767.3  -45.0 ps  S =  17.9 ps  Cin =  6.1 ff  Cout =   6.4 ff  Cmax = 104.1 ff  G =   99  
ABC: Path 41 --    3546 : 3    2 AOI21_X2  A =   1.86  Df =1785.8  -31.8 ps  S =  25.0 ps  Cin =  3.1 ff  Cout =   4.9 ff  Cmax =  50.7 ff  G =  160  
ABC: Path 42 --    3547 : 3    1 OAI21_X2  A =   1.86  Df =1813.1  -41.3 ps  S =  14.5 ps  Cin =  3.1 ff  Cout =   1.6 ff  Cmax =  52.1 ff  G =   50  
ABC: Path 43 --    3549 : 3    4 AOI21_X1  A =   1.06  Df =1837.9  -13.9 ps  S =  44.7 ps  Cin =  1.6 ff  Cout =   6.7 ff  Cmax =  25.3 ff  G =  404  
ABC: Path 44 --    3550 : 3    2 OAI21_X1  A =   1.06  Df =1879.8  -27.0 ps  S =  25.6 ps  Cin =  1.6 ff  Cout =   3.3 ff  Cmax =  26.1 ff  G =  198  
ABC: Path 45 --    3551 : 3    1 AOI21_X1  A =   1.06  Df =1902.1  -11.3 ps  S =  29.2 ps  Cin =  1.6 ff  Cout =   3.3 ff  Cmax =  25.3 ff  G =  213  
ABC: Path 46 --    3552 : 3    4 OAI21_X2  A =   1.86  Df =1947.2  -29.6 ps  S =  28.7 ps  Cin =  3.1 ff  Cout =   7.9 ff  Cmax =  52.1 ff  G =  246  
ABC: Path 47 --    3568 : 4    3 NAND4_X1  A =   1.33  Df =1991.6  -15.9 ps  S =  28.8 ps  Cin =  1.6 ff  Cout =   6.8 ff  Cmax =  56.0 ff  G =  389  
ABC: Path 48 --    3587 : 4    1 NOR4_X2   A =   2.39  Df =2045.2  -57.2 ps  S =  41.5 ps  Cin =  3.3 ff  Cout =   3.2 ff  Cmax =  20.9 ff  G =   92  
ABC: Path 49 --    3592 : 3    7 OAI21_X2  A =   1.86  Df =2097.1  -45.7 ps  S =  71.6 ps  Cin =  3.1 ff  Cout =  26.4 ff  Cmax =  52.1 ff  G =  839  
ABC: Path 50 --    3593 : 4    4 NOR4_X4   A =   4.79  Df =2190.2  -98.6 ps  S =  46.8 ps  Cin =  5.8 ff  Cout =   8.3 ff  Cmax =  41.5 ff  G =  138  
ABC: Path 51 --    3625 : 2    1 NAND2_X1  A =   0.80  Df =2211.7  -95.7 ps  S =  12.7 ps  Cin =  1.6 ff  Cout =   2.6 ff  Cmax =  59.4 ff  G =  157  
ABC: Path 52 --    3626 : 2    5 XNOR2_X1  A =   1.60  Df =2294.4 -120.0 ps  S =  63.5 ps  Cin =  2.3 ff  Cout =  11.4 ff  Cmax =  26.0 ff  G =  461  
ABC: Path 53 --    3633 : 4    1 NOR4_X2   A =   2.39  Df =2412.4 -100.4 ps  S =  41.5 ps  Cin =  3.3 ff  Cout =   3.2 ff  Cmax =  20.9 ff  G =   88  
ABC: Path 54 --    3641 : 4    3 OAI22_X2  A =   2.39  Df =2445.9  -77.1 ps  S =  44.8 ps  Cin =  3.1 ff  Cout =   9.4 ff  Cmax =  46.3 ff  G =  287  
ABC: Path 55 --    3642 : 4    3 NAND4_X4  A =   4.79  Df =2475.1  -68.8 ps  S =  23.5 ps  Cin =  5.7 ff  Cout =   8.8 ff  Cmax = 222.8 ff  G =  150  
ABC: Path 56 --    3643 : 4    3 NOR4_X2   A =   2.39  Df =2501.4  -10.4 ps  S =  52.8 ps  Cin =  3.3 ff  Cout =   5.5 ff  Cmax =  20.9 ff  G =  162  
ABC: Path 57 --    3644 : 4    4 NAND4_X1  A =   1.33  Df =2562.1  -27.9 ps  S =  38.6 ps  Cin =  1.6 ff  Cout =   8.5 ff  Cmax =  56.0 ff  G =  528  
ABC: Path 58 --    3645 : 2    3 NOR2_X2   A =   1.33  Df =2616.3  -63.4 ps  S =  29.7 ps  Cin =  3.1 ff  Cout =   9.0 ff  Cmax =  53.4 ff  G =  277  
ABC: Path 59 --    3707 : 2    5 XNOR2_X2  A =   2.66  Df =2667.1  -67.7 ps  S =  28.3 ps  Cin =  4.3 ff  Cout =   7.4 ff  Cmax =  52.0 ff  G =  167  
ABC: Path 60 --    3708 : 4    2 AOI211_X1 A =   1.33  Df =2754.0  -20.2 ps  S =  54.2 ps  Cin =  1.6 ff  Cout =   4.1 ff  Cmax =  14.5 ff  G =  248  
ABC: Path 61 --    3710 : 3    2 AOI21_X2  A =   1.86  Df =2788.8  -32.2 ps  S =  25.2 ps  Cin =  3.1 ff  Cout =   5.0 ff  Cmax =  50.7 ff  G =  157  
ABC: Path 62 --    3750 : 4    2 OR4_X2    A =   1.86  Df =2871.2  -47.2 ps  S =  17.3 ps  Cin =  1.6 ff  Cout =   5.1 ff  Cmax = 120.8 ff  G =  313  
ABC: Path 63 --    3752 : 4    5 OR4_X4    A =   3.46  Df =2979.1 -126.2 ps  S =  16.9 ps  Cin =  3.3 ff  Cout =  10.2 ff  Cmax = 241.7 ff  G =  297  
ABC: Path 64 --    3753 : 2    2 XNOR2_X1  A =   1.60  Df =3026.1 -130.1 ps  S =  28.2 ps  Cin =  2.3 ff  Cout =   3.8 ff  Cmax =  26.0 ff  G =  159  
ABC: Path 65 --    3767 : 4    3 NAND4_X1  A =   1.33  Df =3083.0  -17.4 ps  S =  25.2 ps  Cin =  1.6 ff  Cout =   5.1 ff  Cmax =  56.0 ff  G =  297  
ABC: Path 66 --    3781 : 4    1 OR4_X2    A =   1.86  Df =3152.6  -37.6 ps  S =  18.0 ps  Cin =  1.6 ff  Cout =   6.1 ff  Cmax = 120.8 ff  G =  379  
ABC: Path 67 --    3784 : 3    3 AOI21_X4  A =   3.46  Df =3197.4  -39.1 ps  S =  23.2 ps  Cin =  6.0 ff  Cout =   8.1 ff  Cmax = 101.0 ff  G =  131  
ABC: Path 68 --    3802 : 4    6 OAI211_X2 A =   2.39  Df =3234.9  -22.8 ps  S =  37.4 ps  Cin =  3.1 ff  Cout =  10.4 ff  Cmax =  50.8 ff  G =  330  
ABC: Path 69 --    3803 : 4    3 NOR4_X2   A =   2.39  Df =3331.7  -99.3 ps  S =  54.4 ps  Cin =  3.3 ff  Cout =   5.9 ff  Cmax =  20.9 ff  G =  171  
ABC: Path 70 --    3804 : 4    2 NAND4_X1  A =   1.33  Df =3372.7 -107.9 ps  S =  23.1 ps  Cin =  1.6 ff  Cout =   3.2 ff  Cmax =  56.0 ff  G =  200  
ABC: Path 71 --    3805 : 3    2 OAI21_X1  A =   1.06  Df =3426.5 -135.6 ps  S =  33.6 ps  Cin =  1.6 ff  Cout =   4.9 ff  Cmax =  26.1 ff  G =  308  
ABC: Path 72 --    3806 : 2    6 XOR2_X1   A =   1.60  Df =3529.6 -166.2 ps  S =  69.6 ps  Cin =  2.3 ff  Cout =  12.0 ff  Cmax =  25.3 ff  G =  491  
ABC: Path 73 --    3917 : 3    1 NOR3_X1   A =   1.06  Df =3727.0  -67.0 ps  S =  33.0 ps  Cin =  1.6 ff  Cout =   2.6 ff  Cmax =  16.0 ff  G =  156  
ABC: Path 74 --    3918 : 2    3 XNOR2_X1  A =   1.60  Df =3784.9  -69.4 ps  S =  36.7 ps  Cin =  2.3 ff  Cout =   5.6 ff  Cmax =  26.0 ff  G =  229  
ABC: Path 75 --    3919 : 3    3 OR3_X2    A =   1.60  Df =3867.5 -100.3 ps  S =  15.8 ps  Cin =  1.6 ff  Cout =  10.2 ff  Cmax = 121.2 ff  G =  596  
ABC: Path 76 --    3941 : 4    9 OR4_X4    A =   3.46  Df =3970.6  -95.3 ps  S =  19.5 ps  Cin =  3.3 ff  Cout =  19.6 ff  Cmax = 241.7 ff  G =  567  
ABC: Path 77 --    3951 : 4    4 AOI211_X2 A =   2.39  Df =4028.5 -132.1 ps  S =  51.9 ps  Cin =  3.1 ff  Cout =   7.5 ff  Cmax =  29.0 ff  G =  232  
ABC: Path 78 --    3969 : 2    4 XNOR2_X1  A =   1.60  Df =4096.5 -139.1 ps  S =  40.9 ps  Cin =  2.3 ff  Cout =   6.5 ff  Cmax =  26.0 ff  G =  270  
ABC: Path 79 --    3970 : 2    3 NOR2_X1   A =   0.80  Df =4147.8 -168.8 ps  S =  31.3 ps  Cin =  1.6 ff  Cout =   5.0 ff  Cmax =  26.7 ff  G =  302  
ABC: Path 80 --    3971 : 3    4 NAND3_X1  A =   1.06  Df =4186.3  -26.0 ps  S =  27.7 ps  Cin =  1.6 ff  Cout =   7.8 ff  Cmax =  58.4 ff  G =  445  
ABC: Path 81 --    3991 : 3    6 NOR3_X2   A =   1.86  Df =4285.6 -101.5 ps  S =  79.0 ps  Cin =  3.2 ff  Cout =  18.0 ff  Cmax =  31.7 ff  G =  538  
ABC: Path 82 --    4015 : 4    3 AOI211_X2 A =   2.39  Df =4316.4   -3.4 ps  S =  45.4 ps  Cin =  3.1 ff  Cout =   5.7 ff  Cmax =  29.0 ff  G =  178  
ABC: Path 83 --    4020 : 3    3 AOI21_X1  A =   1.06  Df =4368.6  -22.2 ps  S =  38.0 ps  Cin =  1.6 ff  Cout =   5.2 ff  Cmax =  25.3 ff  G =  321  
ABC: Path 84 --    4021 : 2    5 XNOR2_X1  A =   1.60  Df =4439.9   -2.1 ps  S =  68.3 ps  Cin =  2.3 ff  Cout =  12.4 ff  Cmax =  26.0 ff  G =  486  
ABC: Path 85 --    4092 : 4    4 NOR4_X2   A =   2.39  Df =4772.9 -147.9 ps  S =  61.3 ps  Cin =  3.3 ff  Cout =   7.3 ff  Cmax =  20.9 ff  G =  218  
ABC: Path 86 --    4093 : 2    4 XOR2_X1   A =   1.60  Df =4850.7 -159.9 ps  S =  42.8 ps  Cin =  2.3 ff  Cout =   5.5 ff  Cmax =  25.3 ff  G =  235  
ABC: Path 87 --    4152 : 4    1 AND4_X1   A =   1.60  Df =4918.4  -69.2 ps  S =  15.9 ps  Cin =  0.9 ff  Cout =   3.2 ff  Cmax =  60.3 ff  G =  343  
ABC: Path 88 --    4153 : 4    7 OAI211_X2 A =   2.39  Df =4965.3   -3.9 ps  S =  46.9 ps  Cin =  3.1 ff  Cout =  14.5 ff  Cmax =  50.8 ff  G =  439  
ABC: Path 89 --    4157 : 4    5 AOI211_X2 A =   2.39  Df =5027.0  -32.5 ps  S =  54.5 ps  Cin =  3.1 ff  Cout =   8.3 ff  Cmax =  29.0 ff  G =  256  
ABC: Path 90 --    4158 : 4    2 NAND4_X1  A =   1.33  Df =5071.5  -42.8 ps  S =  27.1 ps  Cin =  1.6 ff  Cout =   4.1 ff  Cmax =  56.0 ff  G =  258  
ABC: Path 91 --    4238 : 3    1 OAI21_X1  A =   1.06  Df =5123.9  -69.1 ps  S =  31.3 ps  Cin =  1.6 ff  Cout =   4.5 ff  Cmax =  26.1 ff  G =  282  
ABC: Path 92 --    4239 : 2    4 XOR2_X2   A =   2.39  Df =5196.5  -75.7 ps  S =  41.4 ps  Cin =  4.4 ff  Cout =  11.7 ff  Cmax =  50.5 ff  G =  265  
ABC: Path 93 --    4243 : 4    3 NAND4_X4  A =   4.79  Df =5232.8  -74.8 ps  S =  22.6 ps  Cin =  5.7 ff  Cout =  10.5 ff  Cmax = 222.8 ff  G =  173  
ABC: Path 94 --    4252 : 3    9 OR3_X4    A =   2.93  Df =5311.1  -19.1 ps  S =  14.0 ps  Cin =  3.2 ff  Cout =  15.0 ff  Cmax = 242.3 ff  G =  438  
ABC: Path 95 --    4255 : 3    2 AOI21_X1  A =   1.06  Df =5352.1  -40.8 ps  S =  34.0 ps  Cin =  1.6 ff  Cout =   4.3 ff  Cmax =  25.3 ff  G =  257  
ABC: Path 96 --    4258 : 2    5 XNOR2_X1  A =   1.60  Df =5417.0  -34.5 ps  S =  51.6 ps  Cin =  2.3 ff  Cout =   8.8 ff  Cmax =  26.0 ff  G =  363  
ABC: Path 97 --    4327 : 6    1 OAI33_X1  A =   1.86  Df =5833.1  -80.1 ps  S =  63.6 ps  Cin =  1.5 ff  Cout =   2.6 ff  Cmax =  11.5 ff  G =  159  
ABC: Path 98 --    4328 : 2    6 XNOR2_X1  A =   1.60  Df =5918.5  -65.1 ps  S =  77.4 ps  Cin =  2.3 ff  Cout =  14.4 ff  Cmax =  26.0 ff  G =  571  
ABC: Path 99 --    4468 : 2    4 OR2_X4    A =   2.39  Df =6425.8 -109.7 ps  S =  12.0 ps  Cin =  3.2 ff  Cout =  12.6 ff  Cmax = 242.3 ff  G =  388  
ABC: Path100 --    4493 : 5    4 AOI221_X2 A =   2.93  Df =6512.7  -97.1 ps  S =  56.6 ps  Cin =  3.1 ff  Cout =   7.5 ff  Cmax =  27.6 ff  G =  229  
ABC: Path101 --    4496 : 2    3 XNOR2_X1  A =   1.60  Df =6582.9 -103.4 ps  S =  44.5 ps  Cin =  2.3 ff  Cout =   7.3 ff  Cmax =  26.0 ff  G =  291  
ABC: Path102 --    4499 : 3    1 NOR3_X2   A =   1.86  Df =6624.2 -128.9 ps  S =  27.6 ps  Cin =  3.2 ff  Cout =   3.3 ff  Cmax =  31.7 ff  G =  100  
ABC: Path103 --    4506 : 4    3 NAND4_X2  A =   2.39  Df =6674.3  -31.6 ps  S =  31.0 ps  Cin =  3.3 ff  Cout =  13.1 ff  Cmax = 111.5 ff  G =  374  
ABC: Path104 --    4569 : 3    3 OR3_X4    A =   2.93  Df =6753.6  -78.0 ps  S =  13.1 ps  Cin =  3.2 ff  Cout =  11.2 ff  Cmax = 242.3 ff  G =  328  
ABC: Path105 --    4571 : 3    4 OAI21_X4  A =   3.46  Df =6781.9  -62.6 ps  S =  18.3 ps  Cin =  6.1 ff  Cout =   6.7 ff  Cmax = 104.1 ff  G =  104  
ABC: Path106 --    4590 : 4    4 NAND4_X1  A =   1.33  Df =6834.3  -76.2 ps  S =  33.9 ps  Cin =  1.6 ff  Cout =   7.4 ff  Cmax =  56.0 ff  G =  461  
ABC: Path107 --    4593 : 3    1 NOR3_X1   A =   1.06  Df =6898.7 -124.3 ps  S =  33.0 ps  Cin =  1.6 ff  Cout =   2.6 ff  Cmax =  16.0 ff  G =  156  
ABC: Path108 --    4594 : 2    9 XNOR2_X1  A =   1.60  Df =6980.8  -86.3 ps  S =  97.5 ps  Cin =  2.3 ff  Cout =  18.7 ff  Cmax =  26.0 ff  G =  758  
ABC: Path109 --    4672 : 4    1 OR4_X1    A =   1.60  Df =7177.4  -14.1 ps  S =  19.0 ps  Cin =  0.9 ff  Cout =   3.0 ff  Cmax =  60.6 ff  G =  336  
ABC: Path110 --    4673 : 4    3 AOI22_X2  A =   2.39  Df =7233.5  -45.8 ps  S =  34.2 ps  Cin =  3.1 ff  Cout =   7.4 ff  Cmax =  49.1 ff  G =  227  
ABC: Path111 --    4675 : 4    1 OR4_X2    A =   1.86  Df =7292.2  -27.4 ps  S =  14.7 ps  Cin =  1.6 ff  Cout =   0.9 ff  Cmax = 120.8 ff  G =   56  
ABC: Path112 --    4684 : 4    2 OR4_X1    A =   1.60  Df =7426.0 -113.1 ps  S =  26.2 ps  Cin =  0.9 ff  Cout =   9.4 ff  Cmax =  60.6 ff  G = 1041  
ABC: Path113 --    4718 : 3    3 AOI21_X4  A =   3.46  Df =7478.1  -24.1 ps  S =  27.1 ps  Cin =  6.0 ff  Cout =  11.2 ff  Cmax = 101.0 ff  G =  173  
ABC: Path114 --    4722 : 4    5 OAI211_X4 A =   4.52  Df =7508.0  -11.6 ps  S =  29.1 ps  Cin =  6.2 ff  Cout =  13.2 ff  Cmax = 101.6 ff  G =  211  
ABC: Path115 --    4744 : 6    1 OAI33_X1  A =   1.86  Df =7600.7  -70.6 ps  S =  63.6 ps  Cin =  1.5 ff  Cout =   2.6 ff  Cmax =  11.5 ff  G =  159  
ABC: Path116 --    4745 : 2    4 XNOR2_X1  A =   1.60  Df =7673.8  -79.2 ps  S =  44.4 ps  Cin =  2.3 ff  Cout =   7.3 ff  Cmax =  26.0 ff  G =  294  
ABC: Path117 --    4751 : 4    3 OR4_X2    A =   1.86  Df =7762.4  -86.2 ps  S =  18.3 ps  Cin =  1.6 ff  Cout =   6.8 ff  Cmax = 120.8 ff  G =  414  
ABC: Path118 --    4754 : 4    3 OR4_X4    A =   3.46  Df =7869.6 -123.1 ps  S =  16.5 ps  Cin =  3.3 ff  Cout =   8.8 ff  Cmax = 241.7 ff  G =  255  
ABC: Path119 --    4757 : 3    4 NOR3_X4   A =   3.72  Df =7921.3 -131.4 ps  S =  29.8 ps  Cin =  5.9 ff  Cout =   7.7 ff  Cmax =  63.3 ff  G =  122  
ABC: Path120 --    4790 : 4    3 NOR4_X2   A =   2.39  Df =7939.2  -38.0 ps  S =  56.4 ps  Cin =  3.3 ff  Cout =   6.3 ff  Cmax =  20.9 ff  G =  181  
ABC: Path121 --    4817 : 4    5 OAI211_X2 A =   2.39  Df =7991.7  -46.0 ps  S =  39.1 ps  Cin =  3.1 ff  Cout =  11.1 ff  Cmax =  50.8 ff  G =  349  
ABC: Path122 --    4829 : 2    4 XNOR2_X1  A =   1.60  Df =8057.0  -37.5 ps  S =  50.0 ps  Cin =  2.3 ff  Cout =   8.5 ff  Cmax =  26.0 ff  G =  334  
ABC: Path123 --    4830 : 4    4 NOR4_X1   A =   1.33  Df =8186.3  -97.8 ps  S =  81.8 ps  Cin =  1.6 ff  Cout =   5.8 ff  Cmax =  10.5 ff  G =  357  
ABC: Path124 --    4835 : 4    1 NAND4_X1  A =   1.33  Df =8228.5  -84.9 ps  S =  24.3 ps  Cin =  1.6 ff  Cout =   1.7 ff  Cmax =  56.0 ff  G =  100  
ABC: Path125 --    4862 : 4    1 AOI211_X1 A =   1.33  Df =8307.7  -12.9 ps  S =  46.3 ps  Cin =  1.6 ff  Cout =   3.0 ff  Cmax =  14.5 ff  G =  190  
ABC: Path126 --    4867 : 4    7 AOI22_X2  A =   2.39  Df =8366.6  -14.3 ps  S =  50.5 ps  Cin =  3.1 ff  Cout =  14.3 ff  Cmax =  49.1 ff  G =  448  
ABC: Path127 --    4868 : 4    4 NOR4_X2   A =   2.39  Df =8464.3  -73.1 ps  S =  67.0 ps  Cin =  3.3 ff  Cout =   8.5 ff  Cmax =  20.9 ff  G =  247  
ABC: Path128 --    4933 : 2    1 XNOR2_X1  A =   1.60  Df =8527.2  -94.9 ps  S =  19.7 ps  Cin =  2.3 ff  Cout =   1.6 ff  Cmax =  26.0 ff  G =   67  
ABC: Path129 --    4936 : 4    6 OR4_X2    A =   1.86  Df =8648.8 -140.3 ps  S =  22.0 ps  Cin =  1.6 ff  Cout =  13.5 ff  Cmax = 120.8 ff  G =  824  
ABC: Path130 --    4937 : 3    2 OR3_X4    A =   2.93  Df =8728.1 -111.4 ps  S =  12.7 ps  Cin =  3.2 ff  Cout =   9.9 ff  Cmax = 242.3 ff  G =  291  
ABC: Path131 --    4938 : 3    8 AOI21_X4  A =   3.46  Df =8771.6 -123.8 ps  S =  31.6 ps  Cin =  6.0 ff  Cout =  15.3 ff  Cmax = 101.0 ff  G =  247  
ABC: Path132 --    4952 : 2    4 XNOR2_X1  A =   1.60  Df =8833.9 -120.9 ps  S =  47.8 ps  Cin =  2.3 ff  Cout =   8.0 ff  Cmax =  26.0 ff  G =  332  
ABC: Path133 --    4976 : 2    1 OR2_X1    A =   1.06  Df =8884.6 -140.3 ps  S =   9.0 ps  Cin =  0.9 ff  Cout =   1.6 ff  Cmax =  60.6 ff  G =  176  
ABC: Path134 --    4977 : 4    1 NOR4_X1   A =   1.33  Df =8962.8  -72.6 ps  S =  42.2 ps  Cin =  1.6 ff  Cout =   1.7 ff  Cmax =  10.5 ff  G =  102  
ABC: Path135 --    4978 : 4    5 AND4_X2   A =   1.86  Df =9036.7  -98.4 ps  S =  22.1 ps  Cin =  1.6 ff  Cout =  12.6 ff  Cmax = 120.4 ff  G =  714  
ABC: Path136 --    5013 : 4    4 NOR4_X4   A =   4.79  Df =9049.5  -61.5 ps  S =  46.5 ps  Cin =  5.8 ff  Cout =   8.1 ff  Cmax =  41.5 ff  G =  130  
ABC: Path137 --    5035 : 3    2 OAI21_X1  A =   1.06  Df =9089.6  -73.5 ps  S =  29.8 ps  Cin =  1.6 ff  Cout =   4.1 ff  Cmax =  26.1 ff  G =  256  
ABC: Path138 --    5036 : 2    4 XNOR2_X1  A =   1.60  Df =9148.1  -71.5 ps  S =  40.4 ps  Cin =  2.3 ff  Cout =   6.4 ff  Cmax =  26.0 ff  G =  268  
ABC: Path139 --    5080 : 4    3 NOR4_X1   A =   1.33  Df =9258.4 -158.2 ps  S =  66.6 ps  Cin =  1.6 ff  Cout =   4.2 ff  Cmax =  10.5 ff  G =  257  
ABC: Path140 --    5081 : 4    2 NAND4_X1  A =   1.33  Df =9300.5  -53.5 ps  S =  24.1 ps  Cin =  1.6 ff  Cout =   3.2 ff  Cmax =  56.0 ff  G =  204  
ABC: Path141 --    5082 : 4    2 NOR4_X1   A =   1.33  Df =9418.5 -109.9 ps  S =  72.8 ps  Cin =  1.6 ff  Cout =   4.9 ff  Cmax =  10.5 ff  G =  307  
ABC: Path142 --    5088 : 5    1 AOI221_X2 A =   2.93  Df =9460.2  -64.9 ps  S =  53.7 ps  Cin =  3.1 ff  Cout =   6.7 ff  Cmax =  27.6 ff  G =  196  
ABC: Path143 --    5089 : 3    8 AOI21_X4  A =   3.46  Df =9511.3  -88.3 ps  S =  32.1 ps  Cin =  6.0 ff  Cout =  15.2 ff  Cmax = 101.0 ff  G =  246  
ABC: Path144 --    5149 : 2    1 NOR2_X1   A =   0.80  Df =9530.9  -61.0 ps  S =  30.2 ps  Cin =  1.6 ff  Cout =   4.8 ff  Cmax =  26.7 ff  G =  291  
ABC: Path145 --    5150 : 2    4 XNOR2_X2  A =   2.66  Df =9580.4  -57.1 ps  S =  32.9 ps  Cin =  4.3 ff  Cout =   9.5 ff  Cmax =  52.0 ff  G =  217  
ABC: Path146 --    5219 : 2    6 XOR2_X2   A =   2.39  Df =9859.7   -9.4 ps  S =  42.5 ps  Cin =  4.4 ff  Cout =  12.2 ff  Cmax =  50.5 ff  G =  271  
ABC: Path147 --    5220 : 3    2 NAND3_X1  A =   1.06  Df =9896.5  -13.8 ps  S =  25.7 ps  Cin =  1.6 ff  Cout =   5.3 ff  Cmax =  58.4 ff  G =  328  
ABC: Path148 --    5258 : 4    1 OR4_X2    A =   1.86  Df =10010.6  -56.6 ps  S =  16.2 ps  Cin =  1.6 ff  Cout =   3.4 ff  Cmax = 120.8 ff  G =  206  
ABC: Path149 --    5261 : 4    6 AOI211_X2 A =   2.39  Df =10099.5  -50.0 ps  S =  57.6 ps  Cin =  3.1 ff  Cout =   9.2 ff  Cmax =  29.0 ff  G =  277  
ABC: Path150 --    5265 : 2    4 NOR2_X1   A =   0.80  Df =10127.0  -17.8 ps  S =  46.5 ps  Cin =  1.6 ff  Cout =   8.4 ff  Cmax =  26.7 ff  G =  509  
ABC: Path151 --    5305 : 4    3 OAI22_X1  A =   1.33  Df =10178.6  -33.7 ps  S =  48.5 ps  Cin =  1.6 ff  Cout =   5.5 ff  Cmax =  23.2 ff  G =  339  
ABC: Path152 --    5306 : 2    2 NAND2_X1  A =   0.80  Df =10202.2  -30.5 ps  S =  14.3 ps  Cin =  1.6 ff  Cout =   3.4 ff  Cmax =  59.4 ff  G =  202  
ABC: Path153 --    5307 : 4    2 OR4_X2    A =   1.86  Df =10315.8  -98.9 ps  S =  17.6 ps  Cin =  1.6 ff  Cout =   5.3 ff  Cmax = 120.8 ff  G =  329  
ABC: Path154 --    5308 : 4    2 NOR4_X2   A =   2.39  Df =10397.0 -154.7 ps  S =  42.3 ps  Cin =  3.3 ff  Cout =   3.3 ff  Cmax =  20.9 ff  G =   94  
ABC: Path155 --    5315 : 3    5 AOI21_X1  A =   1.06  Df =10450.4   -2.9 ps  S =  77.1 ps  Cin =  1.6 ff  Cout =  13.6 ff  Cmax =  25.3 ff  G =  847  
ABC: Path156 --    5412 : 3    5 NOR3_X4   A =   3.72  Df =10523.3  -48.7 ps  S =  42.9 ps  Cin =  5.9 ff  Cout =  15.2 ff  Cmax =  63.3 ff  G =  245  
ABC: Path157 --    5413 : 3    2 AND3_X4   A =   2.93  Df =10572.4  -57.0 ps  S =  11.9 ps  Cin =  3.2 ff  Cout =   9.5 ff  Cmax = 241.1 ff  G =  284  
ABC: Path158 --    5414 : 2    3 NAND2_X4  A =   2.39  Df =10589.1  -55.0 ps  S =  17.5 ps  Cin =  5.9 ff  Cout =  11.4 ff  Cmax = 237.4 ff  G =  189  
ABC: Path159 --    5458 : 3    3 MUX2_X1   A =   1.86  Df =10659.7  -61.5 ps  S =  20.3 ps  Cin =  1.2 ff  Cout =   6.7 ff  Cmax =  60.5 ff  G =  526  
ABC: Path160 --    5462 : 2    4 AND2_X2   A =   1.33  Df =10695.1  -59.0 ps  S =  11.9 ps  Cin =  1.6 ff  Cout =   6.6 ff  Cmax = 120.8 ff  G =  391  
ABC: Path161 --    5537 : 2    4 NOR2_X1   A =   0.80  Df =10753.1  -33.4 ps  S =  43.2 ps  Cin =  1.6 ff  Cout =   7.7 ff  Cmax =  26.7 ff  G =  473  
ABC: Path162 --    5551 : 3    1 AOI21_X1  A =   1.06  Df =10776.4   -7.7 ps  S =  29.2 ps  Cin =  1.6 ff  Cout =   3.3 ff  Cmax =  25.3 ff  G =  213  
ABC: Path163 --    5552 : 3    2 OAI21_X2  A =   1.86  Df =10815.3  -23.6 ps  S =  22.3 ps  Cin =  3.1 ff  Cout =   5.1 ff  Cmax =  52.1 ff  G =  155  
ABC: Path164 --    5553 : 3    3 AOI21_X2  A =   1.86  Df =10841.0   -0.9 ps  S =  36.5 ps  Cin =  3.1 ff  Cout =   9.8 ff  Cmax =  50.7 ff  G =  314  
ABC: Path165 --    5554 : 3    2 OAI21_X4  A =   3.46  Df =10878.0  -13.4 ps  S =  20.5 ps  Cin =  6.1 ff  Cout =   8.4 ff  Cmax = 104.1 ff  G =  126  
ABC: Path166 --    5555 : 3    1 AOI21_X4  A =   3.46  Df =10898.5   -3.2 ps  S =  21.3 ps  Cin =  6.0 ff  Cout =   6.5 ff  Cmax = 101.0 ff  G =  107  
ABC: Path167 --    5556 : 3    4 OAI21_X4  A =   3.46  Df =10932.5   -8.7 ps  S =  22.0 ps  Cin =  6.1 ff  Cout =   9.9 ff  Cmax = 104.1 ff  G =  151  
ABC: Path168 --    5557 : 3    1 AOI21_X2  A =   1.86  Df =10955.7   -5.7 ps  S =  21.2 ps  Cin =  3.1 ff  Cout =   3.3 ff  Cmax =  50.7 ff  G =  108  
ABC: Path169 --    5558 : 3    3 OAI21_X2  A =   1.86  Df =10985.3   -8.6 ps  S =  21.9 ps  Cin =  3.1 ff  Cout =   4.9 ff  Cmax =  52.1 ff  G =  151  
ABC: Path170 --    5559 : 3    1 AOI21_X1  A =   1.06  Df =11017.3  -10.4 ps  S =  29.2 ps  Cin =  1.6 ff  Cout =   3.3 ff  Cmax =  25.3 ff  G =  213  
ABC: Path171 --    5560 : 3    3 OAI21_X2  A =   1.86  Df =11045.8   -5.5 ps  S =  22.0 ps  Cin =  3.1 ff  Cout =   4.9 ff  Cmax =  52.1 ff  G =  151  
ABC: Path172 --    5622 : 2    2 NAND2_X1  A =   0.80  Df =11075.5   -6.4 ps  S =  17.1 ps  Cin =  1.6 ff  Cout =   5.1 ff  Cmax =  59.4 ff  G =  310  
ABC: Path173 --    5623 : 2    3 OR2_X4    A =   2.39  Df =11117.8  -14.3 ps  S =   8.9 ps  Cin =  3.2 ff  Cout =   8.6 ff  Cmax = 242.3 ff  G =  255  
ABC: Path174 --    5624 : 4    2 NOR4_X1   A =   1.33  Df =11206.1  -54.5 ps  S =  51.1 ps  Cin =  1.6 ff  Cout =   2.6 ff  Cmax =  10.5 ff  G =  159  
ABC: Path175 --    5625 : 3    1 AND3_X1   A =   1.33  Df =11266.9   -3.3 ps  S =  15.1 ps  Cin =  0.9 ff  Cout =   3.8 ff  Cmax =  60.4 ff  G =  406  
ABC: Path176 --    5626 : 4    4 NAND4_X2  A =   2.39  Df =11309.1   -8.4 ps  S =  29.7 ps  Cin =  3.3 ff  Cout =  11.7 ff  Cmax = 111.5 ff  G =  332  
ABC: Path177 --    5629 : 3    1 NOR3_X1   A =   1.06  Df =11364.8  -50.0 ps  S =  26.6 ps  Cin =  1.6 ff  Cout =   1.6 ff  Cmax =  16.0 ff  G =  102  
ABC: Path178 --    5630 : 5    9 AOI221_X4 A =   3.46  Df =11456.6  -20.9 ps  S =  22.9 ps  Cin =  1.5 ff  Cout =  34.2 ff  Cmax = 242.3 ff  G = 2139  
ABC: Path179 --    5663 : 4    4 OR4_X4    A =   3.46  Df =11544.1  -55.3 ps  S =  16.2 ps  Cin =  3.3 ff  Cout =   7.4 ff  Cmax = 241.7 ff  G =  222  
ABC: Path180 --    5664 : 3    1 NOR3_X1   A =   1.06  Df =11602.8 -103.0 ps  S =  32.8 ps  Cin =  1.6 ff  Cout =   2.6 ff  Cmax =  16.0 ff  G =  156  
ABC: Path181 --    5665 : 2    1 XNOR2_X1  A =   1.60  Df =11671.1  -95.4 ps  S =  57.1 ps  Cin =  2.3 ff  Cout =  10.0 ff  Cmax =  26.0 ff  G =  430  
ABC: Start-point = pi54 (\input_b [8]).  End-point = po13 (\result [9]).
ABC: + write_blif <abc-temp-dir>/output.blif 

7.1.2. Re-integrating ABC results.
ABC RESULTS:           AND2_X1 cells:      282
ABC RESULTS:           AND2_X2 cells:       17
ABC RESULTS:           AND2_X4 cells:        2
ABC RESULTS:           AND3_X1 cells:      129
ABC RESULTS:           AND3_X2 cells:       14
ABC RESULTS:           AND3_X4 cells:        2
ABC RESULTS:           AND4_X1 cells:       38
ABC RESULTS:           AND4_X2 cells:       18
ABC RESULTS:           AND4_X4 cells:        6
ABC RESULTS:         AOI211_X1 cells:       34
ABC RESULTS:         AOI211_X2 cells:       16
ABC RESULTS:         AOI211_X4 cells:        6
ABC RESULTS:          AOI21_X1 cells:      409
ABC RESULTS:          AOI21_X2 cells:       40
ABC RESULTS:          AOI21_X4 cells:       11
ABC RESULTS:         AOI221_X1 cells:        3
ABC RESULTS:         AOI221_X2 cells:        5
ABC RESULTS:         AOI221_X4 cells:        1
ABC RESULTS:          AOI22_X1 cells:       50
ABC RESULTS:          AOI22_X2 cells:        8
ABC RESULTS:            BUF_X1 cells:       82
ABC RESULTS:           BUF_X16 cells:        1
ABC RESULTS:            BUF_X2 cells:       14
ABC RESULTS:            BUF_X4 cells:       11
ABC RESULTS:            BUF_X8 cells:       13
ABC RESULTS:         CLKBUF_X1 cells:        4
ABC RESULTS:         CLKBUF_X3 cells:        2
ABC RESULTS:            INV_X1 cells:      456
ABC RESULTS:            INV_X2 cells:        5
ABC RESULTS:           MUX2_X1 cells:       32
ABC RESULTS:          NAND2_X1 cells:      775
ABC RESULTS:          NAND2_X2 cells:       22
ABC RESULTS:          NAND2_X4 cells:       15
ABC RESULTS:          NAND3_X1 cells:      167
ABC RESULTS:          NAND3_X2 cells:        4
ABC RESULTS:          NAND4_X1 cells:       56
ABC RESULTS:          NAND4_X2 cells:       10
ABC RESULTS:          NAND4_X4 cells:        5
ABC RESULTS:           NOR2_X1 cells:      630
ABC RESULTS:           NOR2_X2 cells:       37
ABC RESULTS:           NOR2_X4 cells:        8
ABC RESULTS:           NOR3_X1 cells:      119
ABC RESULTS:           NOR3_X2 cells:       18
ABC RESULTS:           NOR3_X4 cells:        7
ABC RESULTS:           NOR4_X1 cells:       31
ABC RESULTS:           NOR4_X2 cells:       32
ABC RESULTS:           NOR4_X4 cells:        8
ABC RESULTS:         OAI211_X1 cells:       36
ABC RESULTS:         OAI211_X2 cells:       11
ABC RESULTS:         OAI211_X4 cells:        3
ABC RESULTS:          OAI21_X1 cells:      316
ABC RESULTS:          OAI21_X2 cells:       29
ABC RESULTS:          OAI21_X4 cells:        9
ABC RESULTS:         OAI221_X1 cells:        2
ABC RESULTS:         OAI221_X2 cells:        1
ABC RESULTS:          OAI22_X1 cells:       19
ABC RESULTS:          OAI22_X2 cells:        1
ABC RESULTS:          OAI33_X1 cells:       18
ABC RESULTS:            OR2_X1 cells:      170
ABC RESULTS:            OR2_X2 cells:       11
ABC RESULTS:            OR2_X4 cells:        3
ABC RESULTS:            OR3_X1 cells:      107
ABC RESULTS:            OR3_X2 cells:       29
ABC RESULTS:            OR3_X4 cells:        5
ABC RESULTS:            OR4_X1 cells:       12
ABC RESULTS:            OR4_X2 cells:       23
ABC RESULTS:            OR4_X4 cells:        6
ABC RESULTS:          XNOR2_X1 cells:      744
ABC RESULTS:          XNOR2_X2 cells:       42
ABC RESULTS:           XOR2_X1 cells:      493
ABC RESULTS:           XOR2_X2 cells:       39
ABC RESULTS:        internal signals:   103312
ABC RESULTS:           input signals:       69
ABC RESULTS:          output signals:       46
Removing temp directory.
Removing global temp directory.
Removed 0 unused cells and 30285 unused wires.

8. Executing Verilog backend.

8.1. Executing BMUXMAP pass.

8.2. Executing DEMUXMAP pass.
Dumping module `\NTT'.

9. Printing statistics.

=== NTT ===

        +----------Local Count, excluding submodules.
        |        +-Local Area, excluding submodules.
        |        | 
     5753        - wires
     6087        - wire bits
       15        - public wires
      349        - public wire bits
        8        - ports
      118        - port bits
     5784 7.01E+03 cells
      282  300.048   AND2_X1
       17    22.61   AND2_X2
        2    4.788   AND2_X4
      129   171.57   AND3_X1
       14   22.344   AND3_X2
        2    5.852   AND3_X4
       38   60.648   AND4_X1
       18   33.516   AND4_X2
        6   20.748   AND4_X4
       34    45.22   AOI211_X1
       16   38.304   AOI211_X2
        6   17.556   AOI211_X4
      409  435.176   AOI21_X1
       40    74.48   AOI21_X2
       11   38.038   AOI21_X4
        3    4.788   AOI221_X1
        5    14.63   AOI221_X2
        1    3.458   AOI221_X4
       50     66.5   AOI22_X1
        8   19.152   AOI22_X2
       82   65.436   BUF_X1
        1     6.65   BUF_X16
       14   14.896   BUF_X2
       11   20.482   BUF_X4
       13   44.954   BUF_X8
        4    3.192   CLKBUF_X1
        2     2.66   CLKBUF_X3
      456  242.592   INV_X1
        5     3.99   INV_X2
       32   59.584   MUX2_X1
      775   618.45   NAND2_X1
       22    29.26   NAND2_X2
       15    35.91   NAND2_X4
      167  177.688   NAND3_X1
        4    7.448   NAND3_X2
       56    74.48   NAND4_X1
       10    23.94   NAND4_X2
        5    23.94   NAND4_X4
      630   502.74   NOR2_X1
       37    49.21   NOR2_X2
        8   19.152   NOR2_X4
      119  126.616   NOR3_X1
       18   33.516   NOR3_X2
        7   26.068   NOR3_X4
       31    41.23   NOR4_X1
       32   76.608   NOR4_X2
        8   38.304   NOR4_X4
       36    47.88   OAI211_X1
       11   26.334   OAI211_X2
        3   13.566   OAI211_X4
      316  336.224   OAI21_X1
       29   53.998   OAI21_X2
        9   31.122   OAI21_X4
        2    3.192   OAI221_X1
        1    2.926   OAI221_X2
       19    25.27   OAI22_X1
        1    2.394   OAI22_X2
       18   33.516   OAI33_X1
      170   180.88   OR2_X1
       11    14.63   OR2_X2
        3    7.182   OR2_X4
      107   142.31   OR3_X1
       29   46.284   OR3_X2
        5    14.63   OR3_X4
       12   19.152   OR4_X1
       23   42.826   OR4_X2
        6   20.748   OR4_X4
      744 1.19E+03   XNOR2_X1
       42   111.72   XNOR2_X2
      493  786.828   XOR2_X1
       39   93.366   XOR2_X2

   Chip area for module '\NTT': 7012.824000
     of which used for sequential elements: 0.000000 (0.00%)

End of script. Logfile hash: ac69218337, time: 2847.85s, user: 2.15s, system: 0.15s, MEM: 405.97 MB peak
Yosys 0.67+post (git sha1 v0.67, Release, Clang /nix/store/yn81qpksaxk576qb807fsck5ch7zmj6c-clang-wrapper-21.1.8/bin/clang++ 21.1.8)
Time spent: 99% 1x abc (2813 sec), 0% 1x techmap (1 sec), ...
